2025-09-30 11:47:47,550 - INFO - 初期化完了: 入力=input_data/0930_room_1.xlsx, 出力=output_data/harmonic_analysis_results_0930_room_1.xlsx
2025-09-30 11:47:47,550 - INFO - FFT解析開始
2025-09-30 11:47:47,550 - INFO - データ読み込み開始: input_data/0930_room_1.xlsx
2025-09-30 11:47:47,916 - INFO - データ読み込み成功: shape=(17568, 3)
2025-09-30 11:47:47,916 - INFO - 温度データの選択とNaN除去開始
2025-09-30 11:47:47,916 - INFO - データ処理完了:
2025-09-30 11:47:47,917 - INFO -   - 元データ数: 17568
2025-09-30 11:47:47,917 - INFO -   - 有効データ数: 17568
2025-09-30 11:47:47,917 - INFO -   - NaN除去数: 0
2025-09-30 11:47:47,917 - INFO -   - サンプリング間隔: 600.0秒
2025-09-30 11:47:47,917 - INFO -   - データ期間: 122.0日
2025-09-30 11:47:47,917 - INFO -   - データ統計: 平均=22.042, 標準偏差=5.885
2025-09-30 11:47:47,917 - INFO - FFT解析開始
2025-09-30 11:47:47,917 - INFO - 対象データ形状: (17568,)
2025-09-30 11:47:47,917 - INFO - フーリエ変換実行中...
2025-09-30 11:47:47,917 - INFO - FFT結果:
2025-09-30 11:47:47,917 - INFO -   - 周波数数: 8785
2025-09-30 11:47:47,917 - INFO -   - 最大振幅: 22.042117
2025-09-30 11:47:47,917 - INFO -   - 周波数範囲: 0.00e+00 - 8.33e-04 Hz
2025-09-30 11:47:47,917 - INFO - 逆フーリエ変換による再構成中...
2025-09-30 11:47:47,918 - INFO - 再構成誤差: 0.000000
2025-09-30 11:47:47,918 - INFO - FFT解析完了
2025-09-30 11:47:47,918 - INFO - 上位51成分の分析開始
2025-09-30 11:47:47,918 - INFO - 上位周波数成分:
2025-09-30 11:47:47,918 - INFO -   Rank 1: 周期=DC成分, 振幅=22.042117
2025-09-30 11:47:47,918 - INFO -   Rank 2: 周期=122.0日, 振幅=2.625841
2025-09-30 11:47:47,918 - INFO -   Rank 3: 周期=1.0日, 振幅=1.652511
2025-09-30 11:47:47,918 - INFO -   Rank 4: 周期=30.5日, 振幅=0.981771
2025-09-30 11:47:47,918 - INFO -   Rank 5: 周期=61.0日, 振幅=0.920369
2025-09-30 11:47:47,918 - INFO -   Rank 6: 周期=15.2日, 振幅=0.830746
2025-09-30 11:47:47,918 - INFO -   Rank 7: 周期=13.6日, 振幅=0.775149
2025-09-30 11:47:47,918 - INFO -   Rank 8: 周期=24.4日, 振幅=0.765166
2025-09-30 11:47:47,918 - INFO -   Rank 9: 周期=7.2日, 振幅=0.569219
2025-09-30 11:47:47,918 - INFO -   Rank 10: 周期=9.4日, 振幅=0.504470
2025-09-30 11:47:47,918 - INFO - 上位51成分の分析完了
2025-09-30 11:47:47,918 - INFO - ハーモニック回帰開始
2025-09-30 11:47:47,918 - INFO - 回帰設定: データ数=17568, 時間範囲=122.0日
2025-09-30 11:47:47,918 - INFO - 回帰対象周波数数: 51
2025-09-30 11:47:47,918 - INFO - デザイン行列作成中...
2025-09-30 11:47:47,927 - INFO - デザイン行列形状: (17568, 101)
2025-09-30 11:47:47,927 - INFO - 最小二乗法による回帰実行中...
2025-09-30 11:47:47,995 - INFO - 回帰結果:
2025-09-30 11:47:47,995 - INFO -   - R²: 0.937371
2025-09-30 11:47:47,995 - INFO -   - RMSE: 1.472655
2025-09-30 11:47:47,995 - INFO -   - 説明変数数: 101
2025-09-30 11:47:47,995 - INFO - ハーモニック回帰完了
2025-09-30 11:47:47,995 - INFO - 結果保存開始
2025-09-30 11:47:47,995 - INFO - Excel出力データ準備中...
2025-09-30 11:47:48,010 - INFO - Excel出力開始: output_data/harmonic_analysis_results_0930_room_1.xlsx
2025-09-30 11:47:55,849 - INFO - Excel出力開始: output_data/harmonic_analysis_results_fft_0930_room_1.xlsx
2025-09-30 11:47:56,570 - INFO - Excel出力完了
2025-09-30 11:47:56,570 - INFO - プロット保存開始
2025-09-30 11:47:57,654 - INFO - プロット保存完了
2025-09-30 11:47:57,654 - INFO - 結果保存完了
2025-09-30 11:47:57,654 - INFO - FFT解析完了
2025-09-30 11:47:57,654 - INFO - 出力ファイル: output_data/harmonic_analysis_results_0930_room_1.xlsx
2025-09-30 11:47:57,654 - INFO - FFT出力ファイル: output_data/harmonic_analysis_results_fft_0930_room_1.xlsx
2025-09-30 11:49:10,303 - INFO - 初期化完了: 入力=input_data/0930_room_2.xlsx, 出力=output_data/harmonic_analysis_results_0930_room_2.xlsx
2025-09-30 11:49:10,303 - INFO - FFT解析開始
2025-09-30 11:49:10,303 - INFO - データ読み込み開始: input_data/0930_room_2.xlsx
2025-09-30 11:49:10,664 - INFO - データ読み込み成功: shape=(17568, 3)
2025-09-30 11:49:10,664 - INFO - 温度データの選択とNaN除去開始
2025-09-30 11:49:10,665 - INFO - データ処理完了:
2025-09-30 11:49:10,665 - INFO -   - 元データ数: 17568
2025-09-30 11:49:10,665 - INFO -   - 有効データ数: 17568
2025-09-30 11:49:10,665 - INFO -   - NaN除去数: 0
2025-09-30 11:49:10,665 - INFO -   - サンプリング間隔: 600.0秒
2025-09-30 11:49:10,665 - INFO -   - データ期間: 122.0日
2025-09-30 11:49:10,665 - INFO -   - データ統計: 平均=22.083, 標準偏差=5.709
2025-09-30 11:49:10,665 - INFO - FFT解析開始
2025-09-30 11:49:10,665 - INFO - 対象データ形状: (17568,)
2025-09-30 11:49:10,665 - INFO - フーリエ変換実行中...
2025-09-30 11:49:10,666 - INFO - FFT結果:
2025-09-30 11:49:10,666 - INFO -   - 周波数数: 8785
2025-09-30 11:49:10,666 - INFO -   - 最大振幅: 22.083338
2025-09-30 11:49:10,666 - INFO -   - 周波数範囲: 0.00e+00 - 8.33e-04 Hz
2025-09-30 11:49:10,666 - INFO - 逆フーリエ変換による再構成中...
2025-09-30 11:49:10,666 - INFO - 再構成誤差: 0.000000
2025-09-30 11:49:10,666 - INFO - FFT解析完了
2025-09-30 11:49:10,666 - INFO - 上位51成分の分析開始
2025-09-30 11:49:10,667 - INFO - 上位周波数成分:
2025-09-30 11:49:10,667 - INFO -   Rank 1: 周期=DC成分, 振幅=22.083338
2025-09-30 11:49:10,667 - INFO -   Rank 2: 周期=122.0日, 振幅=2.622549
2025-09-30 11:49:10,667 - INFO -   Rank 3: 周期=1.0日, 振幅=1.460377
2025-09-30 11:49:10,667 - INFO -   Rank 4: 周期=30.5日, 振幅=0.970388
2025-09-30 11:49:10,667 - INFO -   Rank 5: 周期=61.0日, 振幅=0.910456
2025-09-30 11:49:10,667 - INFO -   Rank 6: 周期=15.2日, 振幅=0.835446
2025-09-30 11:49:10,667 - INFO -   Rank 7: 周期=13.6日, 振幅=0.793260
2025-09-30 11:49:10,667 - INFO -   Rank 8: 周期=24.4日, 振幅=0.767708
2025-09-30 11:49:10,667 - INFO -   Rank 9: 周期=7.2日, 振幅=0.565814
2025-09-30 11:49:10,667 - INFO -   Rank 10: 周期=9.4日, 振幅=0.503331
2025-09-30 11:49:10,667 - INFO - 上位51成分の分析完了
2025-09-30 11:49:10,667 - INFO - ハーモニック回帰開始
2025-09-30 11:49:10,667 - INFO - 回帰設定: データ数=17568, 時間範囲=122.0日
2025-09-30 11:49:10,667 - INFO - 回帰対象周波数数: 51
2025-09-30 11:49:10,667 - INFO - デザイン行列作成中...
2025-09-30 11:49:10,677 - INFO - デザイン行列形状: (17568, 101)
2025-09-30 11:49:10,677 - INFO - 最小二乗法による回帰実行中...
2025-09-30 11:49:10,744 - INFO - 回帰結果:
2025-09-30 11:49:10,744 - INFO -   - R²: 0.946461
2025-09-30 11:49:10,744 - INFO -   - RMSE: 1.321008
2025-09-30 11:49:10,744 - INFO -   - 説明変数数: 101
2025-09-30 11:49:10,744 - INFO - ハーモニック回帰完了
2025-09-30 11:49:10,744 - INFO - 結果保存開始
2025-09-30 11:49:10,744 - INFO - Excel出力データ準備中...
2025-09-30 11:49:10,759 - INFO - Excel出力開始: output_data/harmonic_analysis_results_0930_room_2.xlsx
2025-09-30 11:49:18,669 - INFO - Excel出力開始: output_data/harmonic_analysis_results_fft_0930_room_2.xlsx
2025-09-30 11:49:19,473 - INFO - Excel出力完了
2025-09-30 11:49:19,473 - INFO - プロット保存開始
2025-09-30 11:49:20,208 - INFO - プロット保存完了
2025-09-30 11:49:20,208 - INFO - 結果保存完了
2025-09-30 11:49:20,208 - INFO - FFT解析完了
2025-09-30 11:49:20,208 - INFO - 出力ファイル: output_data/harmonic_analysis_results_0930_room_2.xlsx
2025-09-30 11:49:20,208 - INFO - FFT出力ファイル: output_data/harmonic_analysis_results_fft_0930_room_2.xlsx
