2026-01-26 09:47:53,965 - INFO - ============================================================
2026-01-26 09:47:53,965 - INFO - FFT統合開始
2026-01-26 09:47:53,965 - INFO - 入力: fft/output/0126/binned-fft
2026-01-26 09:47:53,965 - INFO - 出力: fft/output/0126/integrate-fft
2026-01-26 09:47:53,965 - INFO - ============================================================
2026-01-26 09:47:53,966 - INFO - 検出ケース数: 59
2026-01-26 09:47:53,966 - INFO - 統合中: spectrum_room1_temp
2026-01-26 09:47:53,991 - INFO -   → spectrum_room1_temp_amplitude.csv (59パターン)
2026-01-26 09:47:53,991 - INFO -   → spectrum_room1_temp_phase.csv (59パターン)
2026-01-26 09:47:53,991 - INFO - 統合中: spectrum_room1_rh
2026-01-26 09:47:54,012 - INFO -   → spectrum_room1_rh_amplitude.csv (59パターン)
2026-01-26 09:47:54,012 - INFO -   → spectrum_room1_rh_phase.csv (59パターン)
2026-01-26 09:47:54,012 - INFO - 統合中: spectrum_room1_ah
2026-01-26 09:47:54,033 - INFO -   → spectrum_room1_ah_amplitude.csv (59パターン)
2026-01-26 09:47:54,033 - INFO -   → spectrum_room1_ah_phase.csv (59パターン)
2026-01-26 09:47:54,033 - INFO - 統合中: spectrum_room2_temp
2026-01-26 09:47:54,055 - INFO -   → spectrum_room2_temp_amplitude.csv (59パターン)
2026-01-26 09:47:54,055 - INFO -   → spectrum_room2_temp_phase.csv (59パターン)
2026-01-26 09:47:54,055 - INFO - 統合中: spectrum_room2_rh
2026-01-26 09:47:54,077 - INFO -   → spectrum_room2_rh_amplitude.csv (59パターン)
2026-01-26 09:47:54,077 - INFO -   → spectrum_room2_rh_phase.csv (59パターン)
2026-01-26 09:47:54,078 - INFO - 統合中: spectrum_room2_ah
2026-01-26 09:47:54,098 - INFO -   → spectrum_room2_ah_amplitude.csv (59パターン)
2026-01-26 09:47:54,098 - INFO -   → spectrum_room2_ah_phase.csv (59パターン)
2026-01-26 09:47:54,098 - INFO - ------------------------------------------------------------
2026-01-26 09:47:54,098 - INFO - 振幅比・位相差の計算
2026-01-26 09:47:54,098 - INFO - 計算中: temp (室内/外気)
2026-01-26 09:47:54,103 - INFO -   → ratio_temp_amplitude.csv (59パターン)
2026-01-26 09:47:54,103 - INFO -   → diff_temp_phase.csv (59パターン)
2026-01-26 09:47:54,103 - INFO - 計算中: rh (室内/外気)
2026-01-26 09:47:54,105 - INFO -   → ratio_rh_amplitude.csv (59パターン)
2026-01-26 09:47:54,105 - INFO -   → diff_rh_phase.csv (59パターン)
2026-01-26 09:47:54,105 - INFO - 計算中: ah (室内/外気)
2026-01-26 09:47:54,107 - INFO -   → ratio_ah_amplitude.csv (59パターン)
2026-01-26 09:47:54,107 - INFO -   → diff_ah_phase.csv (59パターン)
2026-01-26 09:47:54,592 - INFO - Excel出力: all_spectrums.xlsx (18シート)
2026-01-26 09:47:54,593 - INFO - ============================================================
2026-01-26 09:47:54,593 - INFO - FFT統合完了
2026-01-26 09:47:54,593 - INFO - 出力: fft/output/0126/integrate-fft
2026-01-26 09:47:54,593 - INFO - ============================================================
