2025-12-18 14:30:00,583 - INFO - ============================================================
2025-12-18 14:30:00,584 - INFO - FFT可視化開始
2025-12-18 14:30:00,584 - INFO - 入力: ../output/1202/integrate-fft
2025-12-18 14:30:00,584 - INFO - 出力: ../output/1202/figure-fft
2025-12-18 14:30:00,584 - INFO - ============================================================
2025-12-18 14:30:00,593 - INFO - 検出: 3パターン, 1気候, 3換気, 1壁構造
2025-12-18 14:30:00,593 - INFO - 1. 周波数応答グラフ（全パターン比較）
2025-12-18 14:30:00,954 - INFO -    → 周波数応答_室1温度_amplitude_全パターン比較.png
2025-12-18 14:30:01,148 - INFO -    → 周波数応答_室1温度_phase_全パターン比較.png
2025-12-18 14:30:01,322 - INFO -    → 周波数応答_室1相対湿度_amplitude_全パターン比較.png
2025-12-18 14:30:01,511 - INFO -    → 周波数応答_室1相対湿度_phase_全パターン比較.png
2025-12-18 14:30:01,682 - INFO -    → 周波数応答_室2温度_amplitude_全パターン比較.png
2025-12-18 14:30:01,858 - INFO -    → 周波数応答_室2温度_phase_全パターン比較.png
2025-12-18 14:30:02,037 - INFO -    → 周波数応答_室2相対湿度_amplitude_全パターン比較.png
2025-12-18 14:30:02,232 - INFO -    → 周波数応答_室2相対湿度_phase_全パターン比較.png
2025-12-18 14:30:02,232 - INFO - 2. 壁構造別比較グラフ
2025-12-18 14:30:02,394 - INFO -    → 壁構造別比較_室1温度_京都_高換気.png
2025-12-18 14:30:02,560 - INFO -    → 壁構造別比較_室1相対湿度_京都_高換気.png
2025-12-18 14:30:02,727 - INFO -    → 壁構造別比較_室1温度_京都_基準換気.png
2025-12-18 14:30:02,928 - INFO -    → 壁構造別比較_室1相対湿度_京都_基準換気.png
2025-12-18 14:30:03,092 - INFO -    → 壁構造別比較_室1温度_京都_低換気.png
2025-12-18 14:30:03,252 - INFO -    → 壁構造別比較_室1相対湿度_京都_低換気.png
2025-12-18 14:30:03,252 - INFO - 3. 換気量別比較グラフ
2025-12-18 14:30:03,421 - INFO -    → 換気量別比較_室1温度_京都_RC単体.png
2025-12-18 14:30:03,593 - INFO -    → 換気量別比較_室1相対湿度_京都_RC単体.png
2025-12-18 14:30:03,594 - INFO - 4. 4パネル比較グラフ
2025-12-18 14:30:04,157 - INFO -    → 4パネル比較_壁構造別_全条件.png
2025-12-18 14:30:04,750 - INFO -    → 4パネル比較_換気量別_全条件.png
2025-12-18 14:30:05,283 - INFO -    → 4パネル比較_壁構造別_climatekyoto.png
2025-12-18 14:30:05,283 - INFO - 5. ヒートマップ
2025-12-18 14:30:05,437 - INFO -    → ヒートマップ_室1温度_振幅.png
2025-12-18 14:30:05,587 - INFO -    → ヒートマップ_室1相対湿度_振幅.png
2025-12-18 14:30:05,731 - INFO -    → ヒートマップ_室2温度_振幅.png
2025-12-18 14:30:05,880 - INFO -    → ヒートマップ_室2相対湿度_振幅.png
2025-12-18 14:30:05,880 - INFO - 6. 周期別棒グラフ
2025-12-18 14:30:05,973 - INFO -    → 棒グラフ_室1温度_周期1.0日.png
2025-12-18 14:30:06,054 - INFO -    → 棒グラフ_室1温度_周期7.0日.png
2025-12-18 14:30:06,138 - INFO -    → 棒グラフ_室1温度_周期30.0日.png
2025-12-18 14:30:06,225 - INFO -    → 棒グラフ_室1相対湿度_周期1.0日.png
2025-12-18 14:30:06,310 - INFO -    → 棒グラフ_室1相対湿度_周期7.0日.png
2025-12-18 14:30:06,402 - INFO -    → 棒グラフ_室1相対湿度_周期30.0日.png
2025-12-18 14:30:06,402 - INFO - ============================================================
2025-12-18 14:30:06,402 - INFO - FFT可視化完了
2025-12-18 14:30:06,402 - INFO -   生成ファイル数: 29
2025-12-18 14:30:06,402 - INFO -   出力先: ../output/1202/figure-fft
2025-12-18 14:30:06,402 - INFO -     frequency_response/: 8ファイル
2025-12-18 14:30:06,402 - INFO -     wall_comparison/: 6ファイル
2025-12-18 14:30:06,403 - INFO -     opening_comparison/: 2ファイル
2025-12-18 14:30:06,403 - INFO -     four_panel/: 3ファイル
2025-12-18 14:30:06,403 - INFO -     heatmap/: 4ファイル
2025-12-18 14:30:06,403 - INFO -     bar_chart/: 6ファイル
2025-12-18 14:30:06,403 - INFO - ============================================================
