2025-12-18 13:50:24,172 - INFO - ============================================================
2025-12-18 13:50:24,172 - INFO - FFT統合開始
2025-12-18 13:50:24,172 - INFO - 入力: ../output/1202/binned-fft
2025-12-18 13:50:24,172 - INFO - 出力: ../output/1202/integrate-fft
2025-12-18 13:50:24,172 - INFO - ============================================================
2025-12-18 13:50:24,172 - INFO - 検出ケース数: 3
2025-12-18 13:50:24,172 - INFO - 統合中: spectrum_room1_temp
2025-12-18 13:50:24,182 - INFO -   → spectrum_room1_temp_amplitude.csv (3パターン)
2025-12-18 13:50:24,182 - INFO -   → spectrum_room1_temp_phase.csv (3パターン)
2025-12-18 13:50:24,182 - INFO - 統合中: spectrum_room1_rh
2025-12-18 13:50:24,184 - INFO -   → spectrum_room1_rh_amplitude.csv (3パターン)
2025-12-18 13:50:24,184 - INFO -   → spectrum_room1_rh_phase.csv (3パターン)
2025-12-18 13:50:24,184 - INFO - 統合中: spectrum_room2_temp
2025-12-18 13:50:24,186 - INFO -   → spectrum_room2_temp_amplitude.csv (3パターン)
2025-12-18 13:50:24,186 - INFO -   → spectrum_room2_temp_phase.csv (3パターン)
2025-12-18 13:50:24,186 - INFO - 統合中: spectrum_room2_rh
2025-12-18 13:50:24,187 - INFO -   → spectrum_room2_rh_amplitude.csv (3パターン)
2025-12-18 13:50:24,187 - INFO -   → spectrum_room2_rh_phase.csv (3パターン)
2025-12-18 13:50:24,187 - INFO - ============================================================
2025-12-18 13:50:24,187 - INFO - FFT統合完了
2025-12-18 13:50:24,187 - INFO - 出力: ../output/1202/integrate-fft
2025-12-18 13:50:24,187 - INFO - ============================================================
2025-12-18 13:54:19,996 - INFO - ============================================================
2025-12-18 13:54:19,997 - INFO - FFT統合開始
2025-12-18 13:54:19,997 - INFO - 入力: ../output/1202/binned-fft
2025-12-18 13:54:19,997 - INFO - 出力: ../output/1202/integrate-fft
2025-12-18 13:54:19,997 - INFO - ============================================================
2025-12-18 13:54:19,997 - INFO - 検出ケース数: 3
2025-12-18 13:54:19,997 - INFO - 統合中: spectrum_room1_temp
2025-12-18 13:54:20,005 - INFO -   → spectrum_room1_temp_amplitude.csv (3パターン)
2025-12-18 13:54:20,005 - INFO -   → spectrum_room1_temp_phase.csv (3パターン)
2025-12-18 13:54:20,005 - INFO - 統合中: spectrum_room1_rh
2025-12-18 13:54:20,008 - INFO -   → spectrum_room1_rh_amplitude.csv (3パターン)
2025-12-18 13:54:20,008 - INFO -   → spectrum_room1_rh_phase.csv (3パターン)
2025-12-18 13:54:20,008 - INFO - 統合中: spectrum_room2_temp
2025-12-18 13:54:20,010 - INFO -   → spectrum_room2_temp_amplitude.csv (3パターン)
2025-12-18 13:54:20,010 - INFO -   → spectrum_room2_temp_phase.csv (3パターン)
2025-12-18 13:54:20,010 - INFO - 統合中: spectrum_room2_rh
2025-12-18 13:54:20,011 - INFO -   → spectrum_room2_rh_amplitude.csv (3パターン)
2025-12-18 13:54:20,011 - INFO -   → spectrum_room2_rh_phase.csv (3パターン)
2025-12-18 13:54:20,150 - INFO - Excel出力: all_spectrums.xlsx (8シート)
2025-12-18 13:54:20,150 - INFO - ============================================================
2025-12-18 13:54:20,150 - INFO - FFT統合完了
2025-12-18 13:54:20,150 - INFO - 出力: ../output/1202/integrate-fft
2025-12-18 13:54:20,150 - INFO - ============================================================
