2026-01-13 12:46:16,663 - INFO - ============================================================
2026-01-13 12:46:16,663 - INFO - FFTビニング開始
2026-01-13 12:46:16,663 - INFO - 周期バンド: [0.1, 0.2, 0.5, 1, 2, 7, 14, 30, 90, 365]
2026-01-13 12:46:16,663 - INFO - 入力: /Users/yamashitashota/Doc/ghoona/uni/thermal-analysis/fft/output/0113/raw-fft
2026-01-13 12:46:16,663 - INFO - 出力: /Users/yamashitashota/Doc/ghoona/uni/thermal-analysis/fft/output/0113/binned-fft
2026-01-13 12:46:16,663 - INFO - ============================================================
2026-01-13 12:46:16,663 - INFO - 検出ケース数: 20
2026-01-13 12:46:16,663 - INFO - 進捗: 1/20 - w01-base_o01-base_kyoto
2026-01-13 12:46:16,743 - INFO - 進捗: 2/20 - w01-base_o02-low_kyoto
2026-01-13 12:46:16,805 - INFO - 進捗: 3/20 - w01-base_o03-high_kyoto
2026-01-13 12:46:16,867 - INFO - 進捗: 4/20 - w01-base_o04-none_kyoto
2026-01-13 12:46:16,932 - INFO - 進捗: 5/20 - w01-base_o05-storage_kyoto
2026-01-13 12:46:16,994 - INFO - 進捗: 6/20 - w02-inner_o01-base_kyoto
2026-01-13 12:46:17,055 - INFO - 進捗: 7/20 - w02-inner_o02-low_kyoto
2026-01-13 12:46:17,123 - INFO - 進捗: 8/20 - w02-inner_o03-high_kyoto
2026-01-13 12:46:17,185 - INFO - 進捗: 9/20 - w02-inner_o04-none_kyoto
2026-01-13 12:46:17,251 - INFO - 進捗: 10/20 - w02-inner_o05-storage_kyoto
2026-01-13 12:46:17,312 - INFO - 進捗: 11/20 - w03-outer_o01-base_kyoto
2026-01-13 12:46:17,349 - INFO - 進捗: 12/20 - w03-outer_o02-low_kyoto
2026-01-13 12:46:17,383 - INFO - 進捗: 13/20 - w03-outer_o03-high_kyoto
2026-01-13 12:46:17,415 - INFO - 進捗: 14/20 - w03-outer_o04-none_kyoto
2026-01-13 12:46:17,451 - INFO - 進捗: 15/20 - w03-outer_o05-storage_kyoto
2026-01-13 12:46:17,489 - INFO - 進捗: 16/20 - w04-hygro_o01-base_kyoto
2026-01-13 12:46:17,543 - INFO - 進捗: 17/20 - w04-hygro_o02-low_kyoto
2026-01-13 12:46:17,594 - INFO - 進捗: 18/20 - w04-hygro_o03-high_kyoto
2026-01-13 12:46:17,644 - INFO - 進捗: 19/20 - w04-hygro_o04-none_kyoto
2026-01-13 12:46:17,694 - INFO - 進捗: 20/20 - w04-hygro_o05-storage_kyoto
2026-01-13 12:46:17,746 - INFO - ============================================================
2026-01-13 12:46:17,746 - INFO - FFTビニング完了
2026-01-13 12:46:17,746 - INFO -   成功: 20/20
2026-01-13 12:46:17,746 - INFO -   出力: /Users/yamashitashota/Doc/ghoona/uni/thermal-analysis/fft/output/0113/binned-fft
2026-01-13 12:46:17,746 - INFO - ============================================================
