2026-01-20 13:07:44,416 - INFO - FFT一括解析初期化: batch_dir=data/julia
2026-01-20 13:07:44,416 - INFO - 出力先: fft/output/0120/raw-fft
2026-01-20 13:07:44,416 - INFO - ============================================================
2026-01-20 13:07:44,416 - INFO - FFT一括解析開始
2026-01-20 13:07:44,416 - INFO - ============================================================
2026-01-20 13:07:44,417 - INFO - data/julia形式で検出: 40ケース
2026-01-20 13:07:44,417 - INFO - 進捗: 1/40
2026-01-20 13:07:44,417 - INFO - 解析開始: w01_o01_kyoto
2026-01-20 13:07:44,488 - INFO - 解析完了: w01_o01_kyoto
2026-01-20 13:07:46,400 - INFO - 進捗: 2/40
2026-01-20 13:07:46,400 - INFO - 解析開始: w01_o02_kyoto
2026-01-20 13:07:46,468 - INFO - 解析完了: w01_o02_kyoto
2026-01-20 13:07:48,223 - INFO - 進捗: 3/40
2026-01-20 13:07:48,223 - INFO - 解析開始: w01_o03_kyoto
2026-01-20 13:07:48,303 - INFO - 解析完了: w01_o03_kyoto
2026-01-20 13:07:49,863 - INFO - 進捗: 4/40
2026-01-20 13:07:49,863 - INFO - 解析開始: w01_o04_kyoto
2026-01-20 13:07:49,935 - INFO - 解析完了: w01_o04_kyoto
2026-01-20 13:07:51,677 - INFO - 進捗: 5/40
2026-01-20 13:07:51,678 - INFO - 解析開始: w01_o05_kyoto
2026-01-20 13:07:51,746 - INFO - 解析完了: w01_o05_kyoto
2026-01-20 13:07:53,495 - INFO - 進捗: 6/40
2026-01-20 13:07:53,495 - INFO - 解析開始: w02_o01_kyoto
2026-01-20 13:07:53,555 - INFO - 解析完了: w02_o01_kyoto
2026-01-20 13:07:55,119 - INFO - 進捗: 7/40
2026-01-20 13:07:55,119 - INFO - 解析開始: w02_o02_kyoto
2026-01-20 13:07:55,185 - INFO - 解析完了: w02_o02_kyoto
2026-01-20 13:07:56,730 - INFO - 進捗: 8/40
2026-01-20 13:07:56,731 - INFO - 解析開始: w02_o03_kyoto
2026-01-20 13:07:56,794 - INFO - 解析完了: w02_o03_kyoto
2026-01-20 13:07:58,507 - INFO - 進捗: 9/40
2026-01-20 13:07:58,507 - INFO - 解析開始: w02_o04_kyoto
2026-01-20 13:07:58,583 - INFO - 解析完了: w02_o04_kyoto
2026-01-20 13:08:00,188 - INFO - 進捗: 10/40
2026-01-20 13:08:00,188 - INFO - 解析開始: w02_o05_kyoto
2026-01-20 13:08:00,251 - INFO - 解析完了: w02_o05_kyoto
2026-01-20 13:08:01,895 - INFO - 進捗: 11/40
2026-01-20 13:08:01,895 - INFO - 解析開始: w04_o01_kyoto
2026-01-20 13:08:01,962 - INFO - 解析完了: w04_o01_kyoto
2026-01-20 13:08:03,575 - INFO - 進捗: 12/40
2026-01-20 13:08:03,575 - INFO - 解析開始: w04_o02_kyoto
2026-01-20 13:08:03,630 - INFO - 解析完了: w04_o02_kyoto
2026-01-20 13:08:05,099 - INFO - 進捗: 13/40
2026-01-20 13:08:05,099 - INFO - 解析開始: w04_o03_kyoto
2026-01-20 13:08:05,174 - INFO - 解析完了: w04_o03_kyoto
2026-01-20 13:08:06,773 - INFO - 進捗: 14/40
2026-01-20 13:08:06,773 - INFO - 解析開始: w04_o04_kyoto
2026-01-20 13:08:06,836 - INFO - 解析完了: w04_o04_kyoto
2026-01-20 13:08:08,538 - INFO - 進捗: 15/40
2026-01-20 13:08:08,539 - INFO - 解析開始: w04_o05_kyoto
2026-01-20 13:08:08,634 - INFO - 解析完了: w04_o05_kyoto
2026-01-20 13:08:10,363 - INFO - 進捗: 16/40
2026-01-20 13:08:10,363 - INFO - 解析開始: w05_o01_kyoto
2026-01-20 13:08:10,444 - INFO - 解析完了: w05_o01_kyoto
2026-01-20 13:08:11,977 - INFO - 進捗: 17/40
2026-01-20 13:08:11,977 - INFO - 解析開始: w05_o02_kyoto
2026-01-20 13:08:12,046 - INFO - 解析完了: w05_o02_kyoto
2026-01-20 13:08:13,730 - INFO - 進捗: 18/40
2026-01-20 13:08:13,730 - INFO - 解析開始: w05_o03_kyoto
2026-01-20 13:08:13,798 - INFO - 解析完了: w05_o03_kyoto
2026-01-20 13:08:15,453 - INFO - 進捗: 19/40
2026-01-20 13:08:15,453 - INFO - 解析開始: w05_o04_kyoto
2026-01-20 13:08:15,516 - INFO - 解析完了: w05_o04_kyoto
2026-01-20 13:08:17,056 - INFO - 進捗: 20/40
2026-01-20 13:08:17,056 - INFO - 解析開始: w05_o05_kyoto
2026-01-20 13:08:17,141 - INFO - 解析完了: w05_o05_kyoto
2026-01-20 13:08:19,020 - INFO - 進捗: 21/40
2026-01-20 13:08:19,021 - INFO - 解析開始: w01_o01_okinawa
2026-01-20 13:08:19,099 - INFO - 解析完了: w01_o01_okinawa
2026-01-20 13:08:20,769 - INFO - 進捗: 22/40
2026-01-20 13:08:20,769 - INFO - 解析開始: w01_o02_okinawa
2026-01-20 13:08:20,842 - INFO - 解析完了: w01_o02_okinawa
2026-01-20 13:08:22,315 - INFO - 進捗: 23/40
2026-01-20 13:08:22,315 - INFO - 解析開始: w01_o03_okinawa
2026-01-20 13:08:22,387 - INFO - 解析完了: w01_o03_okinawa
2026-01-20 13:08:24,016 - INFO - 進捗: 24/40
2026-01-20 13:08:24,016 - INFO - 解析開始: w01_o04_okinawa
2026-01-20 13:08:24,084 - INFO - 解析完了: w01_o04_okinawa
2026-01-20 13:08:25,738 - INFO - 進捗: 25/40
2026-01-20 13:08:25,738 - INFO - 解析開始: w01_o05_okinawa
2026-01-20 13:08:25,802 - INFO - 解析完了: w01_o05_okinawa
2026-01-20 13:08:27,284 - INFO - 進捗: 26/40
2026-01-20 13:08:27,285 - INFO - 解析開始: w02_o01_sapporo
2026-01-20 13:08:27,378 - INFO - 解析完了: w02_o01_sapporo
2026-01-20 13:08:29,047 - INFO - 進捗: 27/40
2026-01-20 13:08:29,047 - INFO - 解析開始: w02_o02_sapporo
2026-01-20 13:08:29,121 - INFO - 解析完了: w02_o02_sapporo
2026-01-20 13:08:30,655 - INFO - 進捗: 28/40
2026-01-20 13:08:30,655 - INFO - 解析開始: w02_o03_sapporo
2026-01-20 13:08:30,729 - INFO - 解析完了: w02_o03_sapporo
2026-01-20 13:08:32,457 - INFO - 進捗: 29/40
2026-01-20 13:08:32,457 - INFO - 解析開始: w02_o04_sapporo
2026-01-20 13:08:32,529 - INFO - 解析完了: w02_o04_sapporo
2026-01-20 13:08:34,099 - INFO - 進捗: 30/40
2026-01-20 13:08:34,099 - INFO - 解析開始: w02_o05_sapporo
2026-01-20 13:08:34,169 - INFO - 解析完了: w02_o05_sapporo
2026-01-20 13:08:35,719 - INFO - 進捗: 31/40
2026-01-20 13:08:35,719 - INFO - 解析開始: w04_o01_sapporo
2026-01-20 13:08:35,790 - INFO - 解析完了: w04_o01_sapporo
2026-01-20 13:08:37,451 - INFO - 進捗: 32/40
2026-01-20 13:08:37,451 - INFO - 解析開始: w04_o02_sapporo
2026-01-20 13:08:37,536 - INFO - 解析完了: w04_o02_sapporo
2026-01-20 13:08:39,203 - INFO - 進捗: 33/40
2026-01-20 13:08:39,203 - INFO - 解析開始: w04_o03_sapporo
2026-01-20 13:08:39,271 - INFO - 解析完了: w04_o03_sapporo
2026-01-20 13:08:40,789 - INFO - 進捗: 34/40
2026-01-20 13:08:40,790 - INFO - 解析開始: w04_o04_sapporo
2026-01-20 13:08:40,870 - INFO - 解析完了: w04_o04_sapporo
2026-01-20 13:08:42,451 - INFO - 進捗: 35/40
2026-01-20 13:08:42,451 - INFO - 解析開始: w04_o05_sapporo
2026-01-20 13:08:42,524 - INFO - 解析完了: w04_o05_sapporo
2026-01-20 13:08:44,113 - INFO - 進捗: 36/40
2026-01-20 13:08:44,113 - INFO - 解析開始: w05_o01_sapporo
2026-01-20 13:08:44,180 - INFO - 解析完了: w05_o01_sapporo
2026-01-20 13:08:45,787 - INFO - 進捗: 37/40
2026-01-20 13:08:45,788 - INFO - 解析開始: w05_o02_sapporo
2026-01-20 13:08:45,883 - INFO - 解析完了: w05_o02_sapporo
2026-01-20 13:08:47,635 - INFO - 進捗: 38/40
2026-01-20 13:08:47,635 - INFO - 解析開始: w05_o03_sapporo
2026-01-20 13:08:47,716 - INFO - 解析完了: w05_o03_sapporo
2026-01-20 13:08:49,356 - INFO - 進捗: 39/40
2026-01-20 13:08:49,356 - INFO - 解析開始: w05_o04_sapporo
2026-01-20 13:08:49,422 - INFO - 解析完了: w05_o04_sapporo
2026-01-20 13:08:50,906 - INFO - 進捗: 40/40
2026-01-20 13:08:50,907 - INFO - 解析開始: w05_o05_sapporo
2026-01-20 13:08:50,975 - INFO - 解析完了: w05_o05_sapporo
2026-01-20 13:08:52,594 - INFO - ============================================================
2026-01-20 13:08:52,594 - INFO - FFT一括解析完了
2026-01-20 13:08:52,594 - INFO -   成功: 40/40
2026-01-20 13:08:52,594 - INFO -   失敗: 0/40
2026-01-20 13:08:52,594 - INFO -   出力先: fft/output/0120/raw-fft
2026-01-20 13:08:52,594 - INFO - ============================================================
