2026-01-13 12:46:44,235 - INFO - ============================================================
2026-01-13 12:46:44,236 - INFO - FFT統合開始
2026-01-13 12:46:44,236 - INFO - 入力: /Users/yamashitashota/Doc/ghoona/uni/thermal-analysis/fft/output/0113/binned-fft
2026-01-13 12:46:44,236 - INFO - 出力: /Users/yamashitashota/Doc/ghoona/uni/thermal-analysis/fft/output/0113/integrate-fft
2026-01-13 12:46:44,236 - INFO - ============================================================
2026-01-13 12:46:44,236 - INFO - 検出ケース数: 20
2026-01-13 12:46:44,236 - INFO - 統合中: spectrum_room1_temp
2026-01-13 12:46:44,252 - INFO -   → spectrum_room1_temp_amplitude.csv (20パターン)
2026-01-13 12:46:44,252 - INFO -   → spectrum_room1_temp_phase.csv (20パターン)
2026-01-13 12:46:44,252 - INFO - 統合中: spectrum_room1_rh
2026-01-13 12:46:44,259 - INFO -   → spectrum_room1_rh_amplitude.csv (20パターン)
2026-01-13 12:46:44,259 - INFO -   → spectrum_room1_rh_phase.csv (20パターン)
2026-01-13 12:46:44,259 - INFO - 統合中: spectrum_room1_ah
2026-01-13 12:46:44,267 - INFO -   → spectrum_room1_ah_amplitude.csv (20パターン)
2026-01-13 12:46:44,267 - INFO -   → spectrum_room1_ah_phase.csv (20パターン)
2026-01-13 12:46:44,267 - INFO - 統合中: spectrum_room2_temp
2026-01-13 12:46:44,275 - INFO -   → spectrum_room2_temp_amplitude.csv (20パターン)
2026-01-13 12:46:44,275 - INFO -   → spectrum_room2_temp_phase.csv (20パターン)
2026-01-13 12:46:44,275 - INFO - 統合中: spectrum_room2_rh
2026-01-13 12:46:44,282 - INFO -   → spectrum_room2_rh_amplitude.csv (20パターン)
2026-01-13 12:46:44,282 - INFO -   → spectrum_room2_rh_phase.csv (20パターン)
2026-01-13 12:46:44,282 - INFO - 統合中: spectrum_room2_ah
2026-01-13 12:46:44,290 - INFO -   → spectrum_room2_ah_amplitude.csv (20パターン)
2026-01-13 12:46:44,290 - INFO -   → spectrum_room2_ah_phase.csv (20パターン)
2026-01-13 12:46:44,456 - INFO - Excel出力: all_spectrums.xlsx (12シート)
2026-01-13 12:46:44,456 - INFO - ============================================================
2026-01-13 12:46:44,456 - INFO - FFT統合完了
2026-01-13 12:46:44,456 - INFO - 出力: /Users/yamashitashota/Doc/ghoona/uni/thermal-analysis/fft/output/0113/integrate-fft
2026-01-13 12:46:44,456 - INFO - ============================================================
