2026-01-26 09:43:55,022 - INFO - FFT一括解析初期化: batch_dir=data/julia
2026-01-26 09:43:55,023 - INFO - 出力先: fft/output/0126/raw-fft
2026-01-26 09:43:55,023 - INFO - ============================================================
2026-01-26 09:43:55,023 - INFO - FFT一括解析開始
2026-01-26 09:43:55,023 - INFO - ============================================================
2026-01-26 09:43:55,032 - INFO - data/julia形式で検出: 59ケース
2026-01-26 09:43:55,032 - INFO - 進捗: 1/59
2026-01-26 09:43:55,032 - INFO - 解析開始: w01_o01_kyoto
2026-01-26 09:43:55,131 - INFO - 解析完了: w01_o01_kyoto
2026-01-26 09:43:57,284 - INFO - 進捗: 2/59
2026-01-26 09:43:57,284 - INFO - 解析開始: w01_o02_kyoto
2026-01-26 09:43:57,361 - INFO - 解析完了: w01_o02_kyoto
2026-01-26 09:43:59,003 - INFO - 進捗: 3/59
2026-01-26 09:43:59,003 - INFO - 解析開始: w01_o03_kyoto
2026-01-26 09:43:59,076 - INFO - 解析完了: w01_o03_kyoto
2026-01-26 09:44:00,683 - INFO - 進捗: 4/59
2026-01-26 09:44:00,683 - INFO - 解析開始: w01_o04_kyoto
2026-01-26 09:44:00,756 - INFO - 解析完了: w01_o04_kyoto
2026-01-26 09:44:02,449 - INFO - 進捗: 5/59
2026-01-26 09:44:02,449 - INFO - 解析開始: w01_o05_kyoto
2026-01-26 09:44:02,517 - INFO - 解析完了: w01_o05_kyoto
2026-01-26 09:44:04,326 - INFO - 進捗: 6/59
2026-01-26 09:44:04,326 - INFO - 解析開始: w02_o01_kyoto
2026-01-26 09:44:04,388 - INFO - 解析完了: w02_o01_kyoto
2026-01-26 09:44:05,974 - INFO - 進捗: 7/59
2026-01-26 09:44:05,976 - INFO - 解析開始: w02_o02_kyoto
2026-01-26 09:44:06,053 - INFO - 解析完了: w02_o02_kyoto
2026-01-26 09:44:07,683 - INFO - 進捗: 8/59
2026-01-26 09:44:07,683 - INFO - 解析開始: w02_o03_kyoto
2026-01-26 09:44:07,750 - INFO - 解析完了: w02_o03_kyoto
2026-01-26 09:44:09,536 - INFO - 進捗: 9/59
2026-01-26 09:44:09,536 - INFO - 解析開始: w02_o04_kyoto
2026-01-26 09:44:09,621 - INFO - 解析完了: w02_o04_kyoto
2026-01-26 09:44:11,220 - INFO - 進捗: 10/59
2026-01-26 09:44:11,220 - INFO - 解析開始: w02_o05_kyoto
2026-01-26 09:44:11,279 - INFO - 解析完了: w02_o05_kyoto
2026-01-26 09:44:12,985 - INFO - 進捗: 11/59
2026-01-26 09:44:12,986 - INFO - 解析開始: w04_o01_kyoto
2026-01-26 09:44:13,058 - INFO - 解析完了: w04_o01_kyoto
2026-01-26 09:44:14,763 - INFO - 進捗: 12/59
2026-01-26 09:44:14,763 - INFO - 解析開始: w04_o02_kyoto
2026-01-26 09:44:14,819 - INFO - 解析完了: w04_o02_kyoto
2026-01-26 09:44:16,350 - INFO - 進捗: 13/59
2026-01-26 09:44:16,350 - INFO - 解析開始: w04_o03_kyoto
2026-01-26 09:44:16,429 - INFO - 解析完了: w04_o03_kyoto
2026-01-26 09:44:18,132 - INFO - 進捗: 14/59
2026-01-26 09:44:18,132 - INFO - 解析開始: w04_o04_kyoto
2026-01-26 09:44:18,203 - INFO - 解析完了: w04_o04_kyoto
2026-01-26 09:44:19,926 - INFO - 進捗: 15/59
2026-01-26 09:44:19,926 - INFO - 解析開始: w04_o05_kyoto
2026-01-26 09:44:20,002 - INFO - 解析完了: w04_o05_kyoto
2026-01-26 09:44:21,724 - INFO - 進捗: 16/59
2026-01-26 09:44:21,724 - INFO - 解析開始: w05_o01_kyoto
2026-01-26 09:44:21,800 - INFO - 解析完了: w05_o01_kyoto
2026-01-26 09:44:23,419 - INFO - 進捗: 17/59
2026-01-26 09:44:23,420 - INFO - 解析開始: w05_o02_kyoto
2026-01-26 09:44:23,511 - INFO - 解析完了: w05_o02_kyoto
2026-01-26 09:44:25,366 - INFO - 進捗: 18/59
2026-01-26 09:44:25,366 - INFO - 解析開始: w05_o03_kyoto
2026-01-26 09:44:25,457 - INFO - 解析完了: w05_o03_kyoto
2026-01-26 09:44:27,290 - INFO - 進捗: 19/59
2026-01-26 09:44:27,291 - INFO - 解析開始: w05_o04_kyoto
2026-01-26 09:44:27,379 - INFO - 解析完了: w05_o04_kyoto
2026-01-26 09:44:28,992 - INFO - 進捗: 20/59
2026-01-26 09:44:28,993 - INFO - 解析開始: w05_o05_kyoto
2026-01-26 09:44:29,066 - INFO - 解析完了: w05_o05_kyoto
2026-01-26 09:44:30,801 - INFO - 進捗: 21/59
2026-01-26 09:44:30,801 - INFO - 解析開始: w01_o01_okinawa
2026-01-26 09:44:30,872 - INFO - 解析完了: w01_o01_okinawa
2026-01-26 09:44:32,496 - INFO - 進捗: 22/59
2026-01-26 09:44:32,497 - INFO - 解析開始: w01_o02_okinawa
2026-01-26 09:44:32,567 - INFO - 解析完了: w01_o02_okinawa
2026-01-26 09:44:34,080 - INFO - 進捗: 23/59
2026-01-26 09:44:34,081 - INFO - 解析開始: w01_o03_okinawa
2026-01-26 09:44:34,147 - INFO - 解析完了: w01_o03_okinawa
2026-01-26 09:44:35,759 - INFO - 進捗: 24/59
2026-01-26 09:44:35,759 - INFO - 解析開始: w01_o04_okinawa
2026-01-26 09:44:35,822 - INFO - 解析完了: w01_o04_okinawa
2026-01-26 09:44:37,502 - INFO - 進捗: 25/59
2026-01-26 09:44:37,502 - INFO - 解析開始: w01_o05_okinawa
2026-01-26 09:44:37,560 - INFO - 解析完了: w01_o05_okinawa
2026-01-26 09:44:39,097 - INFO - 進捗: 26/59
2026-01-26 09:44:39,097 - INFO - 解析開始: w02_o01_okinawa
2026-01-26 09:44:39,167 - INFO - 解析完了: w02_o01_okinawa
2026-01-26 09:44:40,814 - INFO - 進捗: 27/59
2026-01-26 09:44:40,814 - INFO - 解析開始: w02_o02_okinawa
2026-01-26 09:44:40,886 - INFO - 解析完了: w02_o02_okinawa
2026-01-26 09:44:42,473 - INFO - 進捗: 28/59
2026-01-26 09:44:42,473 - INFO - 解析開始: w02_o03_okinawa
2026-01-26 09:44:42,543 - INFO - 解析完了: w02_o03_okinawa
2026-01-26 09:44:44,279 - INFO - 進捗: 29/59
2026-01-26 09:44:44,279 - INFO - 解析開始: w02_o04_okinawa
2026-01-26 09:44:44,354 - INFO - 解析完了: w02_o04_okinawa
2026-01-26 09:44:46,068 - INFO - 進捗: 30/59
2026-01-26 09:44:46,068 - INFO - 解析開始: w02_o05_okinawa
2026-01-26 09:44:46,135 - INFO - 解析完了: w02_o05_okinawa
2026-01-26 09:44:47,724 - INFO - 進捗: 31/59
2026-01-26 09:44:47,724 - INFO - 解析開始: w04_o01_okinawa
2026-01-26 09:44:47,784 - INFO - 解析完了: w04_o01_okinawa
2026-01-26 09:44:49,420 - INFO - 進捗: 32/59
2026-01-26 09:44:49,420 - INFO - 解析開始: w04_o02_okinawa
2026-01-26 09:44:49,485 - INFO - 解析完了: w04_o02_okinawa
2026-01-26 09:44:51,181 - INFO - 進捗: 33/59
2026-01-26 09:44:51,181 - INFO - 解析開始: w04_o03_okinawa
2026-01-26 09:44:51,254 - INFO - 解析完了: w04_o03_okinawa
2026-01-26 09:44:52,822 - INFO - 進捗: 34/59
2026-01-26 09:44:52,822 - INFO - 解析開始: w04_o04_okinawa
2026-01-26 09:44:52,901 - INFO - 解析完了: w04_o04_okinawa
2026-01-26 09:44:54,572 - INFO - 進捗: 35/59
2026-01-26 09:44:54,572 - INFO - 解析開始: w05_o01_okinawa
2026-01-26 09:44:54,637 - INFO - 解析完了: w05_o01_okinawa
2026-01-26 09:44:56,345 - INFO - 進捗: 36/59
2026-01-26 09:44:56,345 - INFO - 解析開始: w05_o02_okinawa
2026-01-26 09:44:56,414 - INFO - 解析完了: w05_o02_okinawa
2026-01-26 09:44:57,924 - INFO - 進捗: 37/59
2026-01-26 09:44:57,924 - INFO - 解析開始: w05_o03_okinawa
2026-01-26 09:44:57,990 - INFO - 解析完了: w05_o03_okinawa
2026-01-26 09:44:59,699 - INFO - 進捗: 38/59
2026-01-26 09:44:59,699 - INFO - 解析開始: w05_o04_okinawa
2026-01-26 09:44:59,770 - INFO - 解析完了: w05_o04_okinawa
2026-01-26 09:45:01,543 - INFO - 進捗: 39/59
2026-01-26 09:45:01,543 - INFO - 解析開始: w05_o05_okinawa
2026-01-26 09:45:01,614 - INFO - 解析完了: w05_o05_okinawa
2026-01-26 09:45:03,187 - INFO - 進捗: 40/59
2026-01-26 09:45:03,188 - INFO - 解析開始: w01_o01_sapporo
2026-01-26 09:45:03,268 - INFO - 解析完了: w01_o01_sapporo
2026-01-26 09:45:04,973 - INFO - 進捗: 41/59
2026-01-26 09:45:04,973 - INFO - 解析開始: w01_o02_sapporo
2026-01-26 09:45:05,048 - INFO - 解析完了: w01_o02_sapporo
2026-01-26 09:45:06,704 - INFO - 進捗: 42/59
2026-01-26 09:45:06,704 - INFO - 解析開始: w01_o03_sapporo
2026-01-26 09:45:06,778 - INFO - 解析完了: w01_o03_sapporo
2026-01-26 09:45:08,411 - INFO - 進捗: 43/59
2026-01-26 09:45:08,411 - INFO - 解析開始: w01_o04_sapporo
2026-01-26 09:45:08,495 - INFO - 解析完了: w01_o04_sapporo
2026-01-26 09:45:10,201 - INFO - 進捗: 44/59
2026-01-26 09:45:10,201 - INFO - 解析開始: w01_o05_sapporo
2026-01-26 09:45:10,272 - INFO - 解析完了: w01_o05_sapporo
2026-01-26 09:45:11,986 - INFO - 進捗: 45/59
2026-01-26 09:45:11,986 - INFO - 解析開始: w02_o01_sapporo
2026-01-26 09:45:12,047 - INFO - 解析完了: w02_o01_sapporo
2026-01-26 09:45:13,573 - INFO - 進捗: 46/59
2026-01-26 09:45:13,573 - INFO - 解析開始: w02_o02_sapporo
2026-01-26 09:45:13,643 - INFO - 解析完了: w02_o02_sapporo
2026-01-26 09:45:15,261 - INFO - 進捗: 47/59
2026-01-26 09:45:15,261 - INFO - 解析開始: w02_o03_sapporo
2026-01-26 09:45:15,327 - INFO - 解析完了: w02_o03_sapporo
2026-01-26 09:45:17,084 - INFO - 進捗: 48/59
2026-01-26 09:45:17,084 - INFO - 解析開始: w02_o04_sapporo
2026-01-26 09:45:17,149 - INFO - 解析完了: w02_o04_sapporo
2026-01-26 09:45:18,649 - INFO - 進捗: 49/59
2026-01-26 09:45:18,650 - INFO - 解析開始: w02_o05_sapporo
2026-01-26 09:45:18,720 - INFO - 解析完了: w02_o05_sapporo
2026-01-26 09:45:20,360 - INFO - 進捗: 50/59
2026-01-26 09:45:20,360 - INFO - 解析開始: w04_o01_sapporo
2026-01-26 09:45:20,420 - INFO - 解析完了: w04_o01_sapporo
2026-01-26 09:45:22,059 - INFO - 進捗: 51/59
2026-01-26 09:45:22,060 - INFO - 解析開始: w04_o02_sapporo
2026-01-26 09:45:22,127 - INFO - 解析完了: w04_o02_sapporo
2026-01-26 09:45:23,623 - INFO - 進捗: 52/59
2026-01-26 09:45:23,624 - INFO - 解析開始: w04_o03_sapporo
2026-01-26 09:45:23,687 - INFO - 解析完了: w04_o03_sapporo
2026-01-26 09:45:25,440 - INFO - 進捗: 53/59
2026-01-26 09:45:25,440 - INFO - 解析開始: w04_o04_sapporo
2026-01-26 09:45:25,508 - INFO - 解析完了: w04_o04_sapporo
2026-01-26 09:45:27,138 - INFO - 進捗: 54/59
2026-01-26 09:45:27,138 - INFO - 解析開始: w04_o05_sapporo
2026-01-26 09:45:27,207 - INFO - 解析完了: w04_o05_sapporo
2026-01-26 09:45:28,769 - INFO - 進捗: 55/59
2026-01-26 09:45:28,769 - INFO - 解析開始: w05_o01_sapporo
2026-01-26 09:45:28,833 - INFO - 解析完了: w05_o01_sapporo
2026-01-26 09:45:30,675 - INFO - 進捗: 56/59
2026-01-26 09:45:30,675 - INFO - 解析開始: w05_o02_sapporo
2026-01-26 09:45:30,754 - INFO - 解析完了: w05_o02_sapporo
2026-01-26 09:45:33,176 - INFO - 進捗: 57/59
2026-01-26 09:45:33,176 - INFO - 解析開始: w05_o03_sapporo
2026-01-26 09:45:33,257 - INFO - 解析完了: w05_o03_sapporo
2026-01-26 09:45:35,540 - INFO - 進捗: 58/59
2026-01-26 09:45:35,648 - INFO - 解析開始: w05_o04_sapporo
2026-01-26 09:45:35,751 - INFO - 解析完了: w05_o04_sapporo
2026-01-26 09:45:37,842 - INFO - 進捗: 59/59
2026-01-26 09:45:37,842 - INFO - 解析開始: w05_o05_sapporo
2026-01-26 09:45:37,917 - INFO - 解析完了: w05_o05_sapporo
2026-01-26 09:45:39,576 - INFO - ============================================================
2026-01-26 09:45:39,577 - INFO - FFT一括解析完了
2026-01-26 09:45:39,577 - INFO -   成功: 59/59
2026-01-26 09:45:39,577 - INFO -   失敗: 0/59
2026-01-26 09:45:39,577 - INFO -   出力先: fft/output/0126/raw-fft
2026-01-26 09:45:39,577 - INFO - ============================================================
