2026-01-26 09:47:42,281 - INFO - ============================================================
2026-01-26 09:47:42,281 - INFO - FFTビニング開始
2026-01-26 09:47:42,281 - INFO - 周期バンド: [0.1, 0.2, 0.5, 1, 2, 7, 14, 30, 90, 365]
2026-01-26 09:47:42,281 - INFO - 入力: fft/output/0126/raw-fft
2026-01-26 09:47:42,281 - INFO - 出力: fft/output/0126/binned-fft
2026-01-26 09:47:42,281 - INFO - ============================================================
2026-01-26 09:47:42,281 - INFO - 検出ケース数: 59
2026-01-26 09:47:42,281 - INFO - 進捗: 1/59 - w01_o01_kyoto
2026-01-26 09:47:42,350 - INFO - 進捗: 2/59 - w01_o01_okinawa
2026-01-26 09:47:42,415 - INFO - 進捗: 3/59 - w01_o01_sapporo
2026-01-26 09:47:42,491 - INFO - 進捗: 4/59 - w01_o02_kyoto
2026-01-26 09:47:42,558 - INFO - 進捗: 5/59 - w01_o02_okinawa
2026-01-26 09:47:42,622 - INFO - 進捗: 6/59 - w01_o02_sapporo
2026-01-26 09:47:42,687 - INFO - 進捗: 7/59 - w01_o03_kyoto
2026-01-26 09:47:42,759 - INFO - 進捗: 8/59 - w01_o03_okinawa
2026-01-26 09:47:42,827 - INFO - 進捗: 9/59 - w01_o03_sapporo
2026-01-26 09:47:42,925 - INFO - 進捗: 10/59 - w01_o04_kyoto
2026-01-26 09:47:42,993 - INFO - 進捗: 11/59 - w01_o04_okinawa
2026-01-26 09:47:43,057 - INFO - 進捗: 12/59 - w01_o04_sapporo
2026-01-26 09:47:43,127 - INFO - 進捗: 13/59 - w01_o05_kyoto
2026-01-26 09:47:43,191 - INFO - 進捗: 14/59 - w01_o05_okinawa
2026-01-26 09:47:43,257 - INFO - 進捗: 15/59 - w01_o05_sapporo
2026-01-26 09:47:43,324 - INFO - 進捗: 16/59 - w02_o01_kyoto
2026-01-26 09:47:43,390 - INFO - 進捗: 17/59 - w02_o01_okinawa
2026-01-26 09:47:43,460 - INFO - 進捗: 18/59 - w02_o01_sapporo
2026-01-26 09:47:43,528 - INFO - 進捗: 19/59 - w02_o02_kyoto
2026-01-26 09:47:43,591 - INFO - 進捗: 20/59 - w02_o02_okinawa
2026-01-26 09:47:43,654 - INFO - 進捗: 21/59 - w02_o02_sapporo
2026-01-26 09:47:43,722 - INFO - 進捗: 22/59 - w02_o03_kyoto
2026-01-26 09:47:43,788 - INFO - 進捗: 23/59 - w02_o03_okinawa
2026-01-26 09:47:43,858 - INFO - 進捗: 24/59 - w02_o03_sapporo
2026-01-26 09:47:43,928 - INFO - 進捗: 25/59 - w02_o04_kyoto
2026-01-26 09:47:43,994 - INFO - 進捗: 26/59 - w02_o04_okinawa
2026-01-26 09:47:44,061 - INFO - 進捗: 27/59 - w02_o04_sapporo
2026-01-26 09:47:44,129 - INFO - 進捗: 28/59 - w02_o05_kyoto
2026-01-26 09:47:44,196 - INFO - 進捗: 29/59 - w02_o05_okinawa
2026-01-26 09:47:44,261 - INFO - 進捗: 30/59 - w02_o05_sapporo
2026-01-26 09:47:44,327 - INFO - 進捗: 31/59 - w04_o01_kyoto
2026-01-26 09:47:44,392 - INFO - 進捗: 32/59 - w04_o01_okinawa
2026-01-26 09:47:44,458 - INFO - 進捗: 33/59 - w04_o01_sapporo
2026-01-26 09:47:44,533 - INFO - 進捗: 34/59 - w04_o02_kyoto
2026-01-26 09:47:44,600 - INFO - 進捗: 35/59 - w04_o02_okinawa
2026-01-26 09:47:44,666 - INFO - 進捗: 36/59 - w04_o02_sapporo
2026-01-26 09:47:44,731 - INFO - 進捗: 37/59 - w04_o03_kyoto
2026-01-26 09:47:44,800 - INFO - 進捗: 38/59 - w04_o03_okinawa
2026-01-26 09:47:44,865 - INFO - 進捗: 39/59 - w04_o03_sapporo
2026-01-26 09:47:44,938 - INFO - 進捗: 40/59 - w04_o04_kyoto
2026-01-26 09:47:45,006 - INFO - 進捗: 41/59 - w04_o04_okinawa
2026-01-26 09:47:45,093 - INFO - 進捗: 42/59 - w04_o04_sapporo
2026-01-26 09:47:45,182 - INFO - 進捗: 43/59 - w04_o05_kyoto
2026-01-26 09:47:45,249 - INFO - 進捗: 44/59 - w04_o05_sapporo
2026-01-26 09:47:45,321 - INFO - 進捗: 45/59 - w05_o01_kyoto
2026-01-26 09:47:45,387 - INFO - 進捗: 46/59 - w05_o01_okinawa
2026-01-26 09:47:45,452 - INFO - 進捗: 47/59 - w05_o01_sapporo
2026-01-26 09:47:45,517 - INFO - 進捗: 48/59 - w05_o02_kyoto
2026-01-26 09:47:45,582 - INFO - 進捗: 49/59 - w05_o02_okinawa
2026-01-26 09:47:45,648 - INFO - 進捗: 50/59 - w05_o02_sapporo
2026-01-26 09:47:45,740 - INFO - 進捗: 51/59 - w05_o03_kyoto
2026-01-26 09:47:45,839 - INFO - 進捗: 52/59 - w05_o03_okinawa
2026-01-26 09:47:45,905 - INFO - 進捗: 53/59 - w05_o03_sapporo
2026-01-26 09:47:45,983 - INFO - 進捗: 54/59 - w05_o04_kyoto
2026-01-26 09:47:46,052 - INFO - 進捗: 55/59 - w05_o04_okinawa
2026-01-26 09:47:46,118 - INFO - 進捗: 56/59 - w05_o04_sapporo
2026-01-26 09:47:46,186 - INFO - 進捗: 57/59 - w05_o05_kyoto
2026-01-26 09:47:46,254 - INFO - 進捗: 58/59 - w05_o05_okinawa
2026-01-26 09:47:46,323 - INFO - 進捗: 59/59 - w05_o05_sapporo
2026-01-26 09:47:46,396 - INFO - ============================================================
2026-01-26 09:47:46,396 - INFO - FFTビニング完了
2026-01-26 09:47:46,396 - INFO -   成功: 59/59
2026-01-26 09:47:46,396 - INFO -   出力: fft/output/0126/binned-fft
2026-01-26 09:47:46,396 - INFO - ============================================================
