2025-12-26 01:17:08,132 - INFO - ============================================================
2025-12-26 01:17:08,132 - INFO - FFTビニング開始
2025-12-26 01:17:08,132 - INFO - 周期バンド: [0.1, 0.2, 0.5, 1, 2, 7, 14, 30, 90, 365]
2025-12-26 01:17:08,132 - INFO - 入力: fft/output/1224/raw-fft
2025-12-26 01:17:08,132 - INFO - 出力: fft/output/1224/binned-fft
2025-12-26 01:17:08,132 - INFO - ============================================================
2025-12-26 01:17:08,132 - INFO - 検出ケース数: 12
2025-12-26 01:17:08,132 - INFO - 進捗: 1/12 - w01-base_o01-base_kyoto
2025-12-26 01:17:08,188 - INFO - 進捗: 2/12 - w01-base_o01-base_okinawa
2025-12-26 01:17:08,241 - INFO - 進捗: 3/12 - w01-base_o01-base_sapporo
2025-12-26 01:17:08,299 - INFO - 進捗: 4/12 - w01-base_o02-low_kyoto
2025-12-26 01:17:08,362 - INFO - 進捗: 5/12 - w01-base_o02-low_okinawa
2025-12-26 01:17:08,420 - INFO - 進捗: 6/12 - w01-base_o02-low_sapporo
2025-12-26 01:17:08,510 - INFO - 進捗: 7/12 - w01-base_o03-high_kyoto
2025-12-26 01:17:08,624 - INFO - 進捗: 8/12 - w01-base_o03-high_okinawa
2025-12-26 01:17:08,676 - INFO - 進捗: 9/12 - w01-base_o03-high_sapporo
2025-12-26 01:17:08,734 - INFO - 進捗: 10/12 - w01-base_o04-none_kyoto
2025-12-26 01:17:08,800 - INFO - 進捗: 11/12 - w01-base_o04-none_okinawa
2025-12-26 01:17:08,862 - INFO - 進捗: 12/12 - w01-base_o04-none_sapporo
2025-12-26 01:17:08,936 - INFO - ============================================================
2025-12-26 01:17:08,936 - INFO - FFTビニング完了
2025-12-26 01:17:08,936 - INFO -   成功: 12/12
2025-12-26 01:17:08,936 - INFO -   出力: fft/output/1224/binned-fft
2025-12-26 01:17:08,936 - INFO - ============================================================
