2025-12-18 13:34:58,206 - INFO - FFT一括解析初期化: batch_dir=../../legacy-julia/output_data/batch_all/1202
2025-12-18 13:34:58,206 - INFO - 出力先: /Users/yamashitashota/Doc/ghoona/uni/thermal-analysis/fft/output/1202/raw-fft
2025-12-18 13:34:58,206 - INFO - ============================================================
2025-12-18 13:34:58,206 - INFO - FFT一括解析開始
2025-12-18 13:34:58,206 - INFO - ============================================================
2025-12-18 13:34:58,206 - INFO - 検出ケース数: 3
2025-12-18 13:34:58,206 - INFO - 進捗: 1/3
2025-12-18 13:34:58,206 - INFO - 解析開始: w01-base_o01-base_kyoto
2025-12-18 13:34:58,270 - INFO - 解析完了: w01-base_o01-base_kyoto
2025-12-18 13:34:59,634 - INFO - 進捗: 2/3
2025-12-18 13:34:59,634 - INFO - 解析開始: w01-base_o02-low_kyoto
2025-12-18 13:34:59,690 - INFO - 解析完了: w01-base_o02-low_kyoto
2025-12-18 13:35:00,935 - INFO - 進捗: 3/3
2025-12-18 13:35:00,935 - INFO - 解析開始: w01-base_o03-high_kyoto
2025-12-18 13:35:00,958 - INFO - 解析完了: w01-base_o03-high_kyoto
2025-12-18 13:35:01,936 - INFO - ============================================================
2025-12-18 13:35:01,936 - INFO - FFT一括解析完了
2025-12-18 13:35:01,936 - INFO -   成功: 3/3
2025-12-18 13:35:01,936 - INFO -   失敗: 0/3
2025-12-18 13:35:01,936 - INFO -   出力先: /Users/yamashitashota/Doc/ghoona/uni/thermal-analysis/fft/output/1202/raw-fft
2025-12-18 13:35:01,936 - INFO - ============================================================
