2026-01-15 09:28:21,680 - INFO - FFT一括解析初期化: batch_dir=../../legacy-julia/output_data/batch_all_o01/run01
2026-01-15 09:28:21,681 - INFO - 出力先: ../output/0115/raw-fft
2026-01-15 09:28:21,681 - INFO - ============================================================
2026-01-15 09:28:21,681 - INFO - FFT一括解析開始
2026-01-15 09:28:21,681 - INFO - ============================================================
2026-01-15 09:28:21,681 - INFO - 検出ケース数: 4
2026-01-15 09:28:21,681 - INFO - 進捗: 1/4
2026-01-15 09:28:21,681 - INFO - 解析開始: w01-base_o01-base_kyoto
2026-01-15 09:28:21,742 - INFO - 解析完了: w01-base_o01-base_kyoto
2026-01-15 09:28:23,411 - INFO - 進捗: 2/4
2026-01-15 09:28:23,411 - INFO - 解析開始: w02-inner_o01-base_kyoto
2026-01-15 09:28:23,460 - INFO - 解析完了: w02-inner_o01-base_kyoto
2026-01-15 09:28:24,935 - INFO - 進捗: 3/4
2026-01-15 09:28:24,935 - INFO - 解析開始: w03-outer_o01-base_kyoto
2026-01-15 09:28:24,983 - INFO - 解析完了: w03-outer_o01-base_kyoto
2026-01-15 09:28:26,018 - INFO - 進捗: 4/4
2026-01-15 09:28:26,018 - INFO - 解析開始: w04-hygro_o01-base_kyoto
2026-01-15 09:28:26,066 - INFO - 解析完了: w04-hygro_o01-base_kyoto
2026-01-15 09:28:27,427 - INFO - ============================================================
2026-01-15 09:28:27,427 - INFO - FFT一括解析完了
2026-01-15 09:28:27,427 - INFO -   成功: 4/4
2026-01-15 09:28:27,427 - INFO -   失敗: 0/4
2026-01-15 09:28:27,427 - INFO -   出力先: ../output/0115/raw-fft
2026-01-15 09:28:27,427 - INFO - ============================================================
2026-01-15 09:28:28,186 - INFO - FFT一括解析初期化: batch_dir=../../legacy-julia/output_data/batch_all_o02/run02
2026-01-15 09:28:28,186 - INFO - 出力先: ../output/0115/raw-fft
2026-01-15 09:28:28,186 - INFO - ============================================================
2026-01-15 09:28:28,186 - INFO - FFT一括解析開始
2026-01-15 09:28:28,186 - INFO - ============================================================
2026-01-15 09:28:28,186 - INFO - 検出ケース数: 4
2026-01-15 09:28:28,186 - INFO - 進捗: 1/4
2026-01-15 09:28:28,186 - INFO - 解析開始: w01-base_o02-low_kyoto
2026-01-15 09:28:28,252 - INFO - 解析完了: w01-base_o02-low_kyoto
2026-01-15 09:28:29,897 - INFO - 進捗: 2/4
2026-01-15 09:28:29,897 - INFO - 解析開始: w02-inner_o02-low_kyoto
2026-01-15 09:28:29,962 - INFO - 解析完了: w02-inner_o02-low_kyoto
2026-01-15 09:28:31,398 - INFO - 進捗: 3/4
2026-01-15 09:28:31,399 - INFO - 解析開始: w03-outer_o02-low_kyoto
2026-01-15 09:28:31,451 - INFO - 解析完了: w03-outer_o02-low_kyoto
2026-01-15 09:28:32,484 - INFO - 進捗: 4/4
2026-01-15 09:28:32,486 - INFO - 解析開始: w04-hygro_o02-low_kyoto
2026-01-15 09:28:32,536 - INFO - 解析完了: w04-hygro_o02-low_kyoto
2026-01-15 09:28:33,869 - INFO - ============================================================
2026-01-15 09:28:33,869 - INFO - FFT一括解析完了
2026-01-15 09:28:33,869 - INFO -   成功: 4/4
2026-01-15 09:28:33,869 - INFO -   失敗: 0/4
2026-01-15 09:28:33,869 - INFO -   出力先: ../output/0115/raw-fft
2026-01-15 09:28:33,869 - INFO - ============================================================
2026-01-15 09:28:34,571 - INFO - FFT一括解析初期化: batch_dir=../../legacy-julia/output_data/batch_all_o03/run03
2026-01-15 09:28:34,571 - INFO - 出力先: ../output/0115/raw-fft
2026-01-15 09:28:34,571 - INFO - ============================================================
2026-01-15 09:28:34,571 - INFO - FFT一括解析開始
2026-01-15 09:28:34,571 - INFO - ============================================================
2026-01-15 09:28:34,571 - INFO - 検出ケース数: 4
2026-01-15 09:28:34,571 - INFO - 進捗: 1/4
2026-01-15 09:28:34,572 - INFO - 解析開始: w01-base_o03-high_kyoto
2026-01-15 09:28:34,635 - INFO - 解析完了: w01-base_o03-high_kyoto
2026-01-15 09:28:36,223 - INFO - 進捗: 2/4
2026-01-15 09:28:36,223 - INFO - 解析開始: w02-inner_o03-high_kyoto
2026-01-15 09:28:36,278 - INFO - 解析完了: w02-inner_o03-high_kyoto
2026-01-15 09:28:37,724 - INFO - 進捗: 3/4
2026-01-15 09:28:37,724 - INFO - 解析開始: w03-outer_o03-high_kyoto
2026-01-15 09:28:37,774 - INFO - 解析完了: w03-outer_o03-high_kyoto
2026-01-15 09:28:38,813 - INFO - 進捗: 4/4
2026-01-15 09:28:38,813 - INFO - 解析開始: w04-hygro_o03-high_kyoto
2026-01-15 09:28:38,857 - INFO - 解析完了: w04-hygro_o03-high_kyoto
2026-01-15 09:28:40,205 - INFO - ============================================================
2026-01-15 09:28:40,205 - INFO - FFT一括解析完了
2026-01-15 09:28:40,205 - INFO -   成功: 4/4
2026-01-15 09:28:40,205 - INFO -   失敗: 0/4
2026-01-15 09:28:40,205 - INFO -   出力先: ../output/0115/raw-fft
2026-01-15 09:28:40,205 - INFO - ============================================================
2026-01-15 09:28:40,928 - INFO - FFT一括解析初期化: batch_dir=../../legacy-julia/output_data/batch_all_o04/run04
2026-01-15 09:28:40,928 - INFO - 出力先: ../output/0115/raw-fft
2026-01-15 09:28:40,928 - INFO - ============================================================
2026-01-15 09:28:40,928 - INFO - FFT一括解析開始
2026-01-15 09:28:40,928 - INFO - ============================================================
2026-01-15 09:28:40,928 - INFO - 検出ケース数: 4
2026-01-15 09:28:40,929 - INFO - 進捗: 1/4
2026-01-15 09:28:40,929 - INFO - 解析開始: w01-base_o04-none_kyoto
2026-01-15 09:28:40,995 - INFO - 解析完了: w01-base_o04-none_kyoto
2026-01-15 09:28:42,625 - INFO - 進捗: 2/4
2026-01-15 09:28:42,625 - INFO - 解析開始: w02-inner_o04-none_kyoto
2026-01-15 09:28:42,686 - INFO - 解析完了: w02-inner_o04-none_kyoto
2026-01-15 09:28:44,150 - INFO - 進捗: 3/4
2026-01-15 09:28:44,150 - INFO - 解析開始: w03-outer_o04-none_kyoto
2026-01-15 09:28:44,197 - INFO - 解析完了: w03-outer_o04-none_kyoto
2026-01-15 09:28:45,227 - INFO - 進捗: 4/4
2026-01-15 09:28:45,227 - INFO - 解析開始: w04-hygro_o04-none_kyoto
2026-01-15 09:28:45,272 - INFO - 解析完了: w04-hygro_o04-none_kyoto
2026-01-15 09:28:46,614 - INFO - ============================================================
2026-01-15 09:28:46,614 - INFO - FFT一括解析完了
2026-01-15 09:28:46,614 - INFO -   成功: 4/4
2026-01-15 09:28:46,614 - INFO -   失敗: 0/4
2026-01-15 09:28:46,614 - INFO -   出力先: ../output/0115/raw-fft
2026-01-15 09:28:46,614 - INFO - ============================================================
2026-01-15 09:28:47,284 - INFO - FFT一括解析初期化: batch_dir=../../legacy-julia/output_data/batch_all_o05/run05
2026-01-15 09:28:47,284 - INFO - 出力先: ../output/0115/raw-fft
2026-01-15 09:28:47,284 - INFO - ============================================================
2026-01-15 09:28:47,284 - INFO - FFT一括解析開始
2026-01-15 09:28:47,284 - INFO - ============================================================
2026-01-15 09:28:47,284 - INFO - 検出ケース数: 4
2026-01-15 09:28:47,284 - INFO - 進捗: 1/4
2026-01-15 09:28:47,284 - INFO - 解析開始: w01-base_o05-storage_kyoto
2026-01-15 09:28:47,343 - INFO - 解析完了: w01-base_o05-storage_kyoto
2026-01-15 09:28:48,941 - INFO - 進捗: 2/4
2026-01-15 09:28:48,941 - INFO - 解析開始: w02-inner_o05-storage_kyoto
2026-01-15 09:28:48,993 - INFO - 解析完了: w02-inner_o05-storage_kyoto
2026-01-15 09:28:50,467 - INFO - 進捗: 3/4
2026-01-15 09:28:50,467 - INFO - 解析開始: w03-outer_o05-storage_kyoto
2026-01-15 09:28:50,516 - INFO - 解析完了: w03-outer_o05-storage_kyoto
2026-01-15 09:28:51,560 - INFO - 進捗: 4/4
2026-01-15 09:28:51,561 - INFO - 解析開始: w04-hygro_o05-storage_kyoto
2026-01-15 09:28:51,609 - INFO - 解析完了: w04-hygro_o05-storage_kyoto
2026-01-15 09:28:52,979 - INFO - ============================================================
2026-01-15 09:28:52,979 - INFO - FFT一括解析完了
2026-01-15 09:28:52,979 - INFO -   成功: 4/4
2026-01-15 09:28:52,979 - INFO -   失敗: 0/4
2026-01-15 09:28:52,979 - INFO -   出力先: ../output/0115/raw-fft
2026-01-15 09:28:52,979 - INFO - ============================================================
2026-01-15 09:28:53,671 - INFO - FFT一括解析初期化: batch_dir=../../legacy-julia/output_data/batch_all/run01
2026-01-15 09:28:53,671 - INFO - 出力先: ../output/0115/raw-fft
2026-01-15 09:28:53,671 - INFO - ============================================================
2026-01-15 09:28:53,671 - INFO - FFT一括解析開始
2026-01-15 09:28:53,671 - INFO - ============================================================
2026-01-15 09:28:53,671 - INFO - 検出ケース数: 3
2026-01-15 09:28:53,671 - INFO - 進捗: 1/3
2026-01-15 09:28:53,671 - INFO - 解析開始: w01-base_o01-base_kyoto
2026-01-15 09:28:53,721 - INFO - 解析完了: w01-base_o01-base_kyoto
2026-01-15 09:28:55,234 - INFO - 進捗: 2/3
2026-01-15 09:28:55,234 - INFO - 解析開始: w01-base_o01-base_okinawa
2026-01-15 09:28:55,295 - INFO - 解析完了: w01-base_o01-base_okinawa
2026-01-15 09:28:56,695 - INFO - 進捗: 3/3
2026-01-15 09:28:56,695 - INFO - 解析開始: w02-inner_o01-base_okinawa
2026-01-15 09:28:56,727 - INFO - 解析完了: w02-inner_o01-base_okinawa
2026-01-15 09:28:57,863 - INFO - ============================================================
2026-01-15 09:28:57,863 - INFO - FFT一括解析完了
2026-01-15 09:28:57,863 - INFO -   成功: 3/3
2026-01-15 09:28:57,863 - INFO -   失敗: 0/3
2026-01-15 09:28:57,863 - INFO -   出力先: ../output/0115/raw-fft
2026-01-15 09:28:57,863 - INFO - ============================================================
2026-01-15 09:28:58,527 - INFO - FFT一括解析初期化: batch_dir=../../legacy-julia/output_data/batch_all/run02
2026-01-15 09:28:58,527 - INFO - 出力先: ../output/0115/raw-fft
2026-01-15 09:28:58,527 - INFO - ============================================================
2026-01-15 09:28:58,527 - INFO - FFT一括解析開始
2026-01-15 09:28:58,527 - INFO - ============================================================
2026-01-15 09:28:58,527 - INFO - 検出ケース数: 3
2026-01-15 09:28:58,527 - INFO - 進捗: 1/3
2026-01-15 09:28:58,527 - INFO - 解析開始: w01-base_o02-low_kyoto
2026-01-15 09:28:58,579 - INFO - 解析完了: w01-base_o02-low_kyoto
2026-01-15 09:29:00,038 - INFO - 進捗: 2/3
2026-01-15 09:29:00,038 - INFO - 解析開始: w01-base_o02-low_okinawa
2026-01-15 09:29:00,102 - INFO - 解析完了: w01-base_o02-low_okinawa
2026-01-15 09:29:01,511 - INFO - 進捗: 3/3
2026-01-15 09:29:01,511 - INFO - 解析開始: w02-inner_o02-low_okinawa
2026-01-15 09:29:01,547 - INFO - 解析完了: w02-inner_o02-low_okinawa
2026-01-15 09:29:02,671 - INFO - ============================================================
2026-01-15 09:29:02,671 - INFO - FFT一括解析完了
2026-01-15 09:29:02,671 - INFO -   成功: 3/3
2026-01-15 09:29:02,671 - INFO -   失敗: 0/3
2026-01-15 09:29:02,672 - INFO -   出力先: ../output/0115/raw-fft
2026-01-15 09:29:02,672 - INFO - ============================================================
2026-01-15 09:29:03,369 - INFO - FFT一括解析初期化: batch_dir=../../legacy-julia/output_data/batch_all/run03
2026-01-15 09:29:03,369 - INFO - 出力先: ../output/0115/raw-fft
2026-01-15 09:29:03,369 - INFO - ============================================================
2026-01-15 09:29:03,369 - INFO - FFT一括解析開始
2026-01-15 09:29:03,369 - INFO - ============================================================
2026-01-15 09:29:03,369 - INFO - 検出ケース数: 3
2026-01-15 09:29:03,369 - INFO - 進捗: 1/3
2026-01-15 09:29:03,369 - INFO - 解析開始: w01-base_o03-high_kyoto
2026-01-15 09:29:03,418 - INFO - 解析完了: w01-base_o03-high_kyoto
2026-01-15 09:29:04,885 - INFO - 進捗: 2/3
2026-01-15 09:29:04,885 - INFO - 解析開始: w01-base_o03-high_okinawa
2026-01-15 09:29:04,943 - INFO - 解析完了: w01-base_o03-high_okinawa
2026-01-15 09:29:06,380 - INFO - 進捗: 3/3
2026-01-15 09:29:06,381 - INFO - 解析開始: w02-inner_o03-high_okinawa
2026-01-15 09:29:06,409 - INFO - 解析完了: w02-inner_o03-high_okinawa
2026-01-15 09:29:07,530 - INFO - ============================================================
2026-01-15 09:29:07,530 - INFO - FFT一括解析完了
2026-01-15 09:29:07,530 - INFO -   成功: 3/3
2026-01-15 09:29:07,530 - INFO -   失敗: 0/3
2026-01-15 09:29:07,530 - INFO -   出力先: ../output/0115/raw-fft
2026-01-15 09:29:07,530 - INFO - ============================================================
2026-01-15 09:29:08,212 - INFO - FFT一括解析初期化: batch_dir=../../legacy-julia/output_data/batch_all/run04
2026-01-15 09:29:08,212 - INFO - 出力先: ../output/0115/raw-fft
2026-01-15 09:29:08,212 - INFO - ============================================================
2026-01-15 09:29:08,212 - INFO - FFT一括解析開始
2026-01-15 09:29:08,212 - INFO - ============================================================
2026-01-15 09:29:08,212 - INFO - 検出ケース数: 3
2026-01-15 09:29:08,212 - INFO - 進捗: 1/3
2026-01-15 09:29:08,212 - INFO - 解析開始: w01-base_o04-none_kyoto
2026-01-15 09:29:08,262 - INFO - 解析完了: w01-base_o04-none_kyoto
2026-01-15 09:29:09,696 - INFO - 進捗: 2/3
2026-01-15 09:29:09,696 - INFO - 解析開始: w01-base_o04-none_okinawa
2026-01-15 09:29:09,752 - INFO - 解析完了: w01-base_o04-none_okinawa
2026-01-15 09:29:11,210 - INFO - 進捗: 3/3
2026-01-15 09:29:11,211 - INFO - 解析開始: w02-inner_o04-none_okinawa
2026-01-15 09:29:11,240 - INFO - 解析完了: w02-inner_o04-none_okinawa
2026-01-15 09:29:12,393 - INFO - ============================================================
2026-01-15 09:29:12,393 - INFO - FFT一括解析完了
2026-01-15 09:29:12,393 - INFO -   成功: 3/3
2026-01-15 09:29:12,393 - INFO -   失敗: 0/3
2026-01-15 09:29:12,393 - INFO -   出力先: ../output/0115/raw-fft
2026-01-15 09:29:12,393 - INFO - ============================================================
2026-01-15 09:29:13,132 - INFO - FFT一括解析初期化: batch_dir=../../legacy-julia/output_data/batch_all/run05
2026-01-15 09:29:13,132 - INFO - 出力先: ../output/0115/raw-fft
2026-01-15 09:29:13,132 - INFO - ============================================================
2026-01-15 09:29:13,132 - INFO - FFT一括解析開始
2026-01-15 09:29:13,132 - INFO - ============================================================
2026-01-15 09:29:13,132 - INFO - 検出ケース数: 3
2026-01-15 09:29:13,132 - INFO - 進捗: 1/3
2026-01-15 09:29:13,132 - INFO - 解析開始: w01-base_o05-storage_kyoto
2026-01-15 09:29:13,184 - INFO - 解析完了: w01-base_o05-storage_kyoto
2026-01-15 09:29:14,604 - INFO - 進捗: 2/3
2026-01-15 09:29:14,604 - INFO - 解析開始: w01-base_o05-storage_okinawa
2026-01-15 09:29:14,659 - INFO - 解析完了: w01-base_o05-storage_okinawa
2026-01-15 09:29:16,075 - INFO - 進捗: 3/3
2026-01-15 09:29:16,075 - INFO - 解析開始: w02-inner_o05-storage_okinawa
2026-01-15 09:29:16,109 - INFO - 解析完了: w02-inner_o05-storage_okinawa
2026-01-15 09:29:17,230 - INFO - ============================================================
2026-01-15 09:29:17,230 - INFO - FFT一括解析完了
2026-01-15 09:29:17,230 - INFO -   成功: 3/3
2026-01-15 09:29:17,230 - INFO -   失敗: 0/3
2026-01-15 09:29:17,230 - INFO -   出力先: ../output/0115/raw-fft
2026-01-15 09:29:17,230 - INFO - ============================================================
