2025-12-26 01:14:51,131 - INFO - FFT一括解析初期化: batch_dir=legacy-julia/output_data/batch_all/1224
2025-12-26 01:14:51,131 - INFO - 出力先: /Users/yamashitashota/Doc/ghoona/uni/thermal-analysis/fft/output/1224/raw-fft
2025-12-26 01:14:51,131 - INFO - ============================================================
2025-12-26 01:14:51,131 - INFO - FFT一括解析開始
2025-12-26 01:14:51,131 - INFO - ============================================================
2025-12-26 01:14:51,132 - INFO - 検出ケース数: 5
2025-12-26 01:14:51,132 - INFO - 進捗: 1/5
2025-12-26 01:14:51,132 - INFO - 解析開始: w01-base_o01-base_kyoto
2025-12-26 01:14:51,194 - INFO - 解析完了: w01-base_o01-base_kyoto
2025-12-26 01:14:53,120 - INFO - 進捗: 2/5
2025-12-26 01:14:53,120 - INFO - 解析開始: w01-base_o02-low_kyoto
2025-12-26 01:14:53,176 - INFO - 解析完了: w01-base_o02-low_kyoto
2025-12-26 01:14:54,764 - INFO - 進捗: 3/5
2025-12-26 01:14:54,764 - INFO - 解析開始: w01-base_o03-high_kyoto
2025-12-26 01:14:54,815 - INFO - 解析完了: w01-base_o03-high_kyoto
2025-12-26 01:14:56,307 - INFO - 進捗: 4/5
2025-12-26 01:14:56,307 - INFO - 解析開始: w01-base_o04-none_kyoto
2025-12-26 01:14:56,371 - INFO - 解析完了: w01-base_o04-none_kyoto
2025-12-26 01:14:58,041 - INFO - 進捗: 5/5
2025-12-26 01:14:58,042 - INFO - 解析開始: w01-base_o05-storage_kyoto
2025-12-26 01:14:58,063 - INFO - 解析完了: w01-base_o05-storage_kyoto
2025-12-26 01:14:59,364 - INFO - ============================================================
2025-12-26 01:14:59,364 - INFO - FFT一括解析完了
2025-12-26 01:14:59,364 - INFO -   成功: 5/5
2025-12-26 01:14:59,364 - INFO -   失敗: 0/5
2025-12-26 01:14:59,364 - INFO -   出力先: /Users/yamashitashota/Doc/ghoona/uni/thermal-analysis/fft/output/1224/raw-fft
2025-12-26 01:14:59,364 - INFO - ============================================================
2025-12-26 01:15:13,331 - INFO - FFT一括解析初期化: batch_dir=legacy-julia/output_data/batch_all_2/1224
2025-12-26 01:15:13,331 - INFO - 出力先: /Users/yamashitashota/Doc/ghoona/uni/thermal-analysis/fft/output/1224/raw-fft
2025-12-26 01:15:13,331 - INFO - ============================================================
2025-12-26 01:15:13,331 - INFO - FFT一括解析開始
2025-12-26 01:15:13,331 - INFO - ============================================================
2025-12-26 01:15:13,332 - INFO - 検出ケース数: 5
2025-12-26 01:15:13,332 - INFO - 進捗: 1/5
2025-12-26 01:15:13,332 - INFO - 解析開始: w01-base_o01-base_okinawa
2025-12-26 01:15:13,390 - INFO - 解析完了: w01-base_o01-base_okinawa
2025-12-26 01:15:14,966 - INFO - 進捗: 2/5
2025-12-26 01:15:14,966 - INFO - 解析開始: w01-base_o02-low_okinawa
2025-12-26 01:15:15,021 - INFO - 解析完了: w01-base_o02-low_okinawa
2025-12-26 01:15:16,514 - INFO - 進捗: 3/5
2025-12-26 01:15:16,514 - INFO - 解析開始: w01-base_o03-high_okinawa
2025-12-26 01:15:16,564 - INFO - 解析完了: w01-base_o03-high_okinawa
2025-12-26 01:15:18,045 - INFO - 進捗: 4/5
2025-12-26 01:15:18,046 - INFO - 解析開始: w01-base_o04-none_okinawa
2025-12-26 01:15:18,105 - INFO - 解析完了: w01-base_o04-none_okinawa
2025-12-26 01:15:19,620 - INFO - 進捗: 5/5
2025-12-26 01:15:19,620 - INFO - 解析開始: w01-base_o05-storage_okinawa
2025-12-26 01:15:19,641 - INFO - 解析完了: w01-base_o05-storage_okinawa
2025-12-26 01:15:20,721 - INFO - ============================================================
2025-12-26 01:15:20,721 - INFO - FFT一括解析完了
2025-12-26 01:15:20,721 - INFO -   成功: 5/5
2025-12-26 01:15:20,721 - INFO -   失敗: 0/5
2025-12-26 01:15:20,721 - INFO -   出力先: /Users/yamashitashota/Doc/ghoona/uni/thermal-analysis/fft/output/1224/raw-fft
2025-12-26 01:15:20,721 - INFO - ============================================================
2025-12-26 01:15:35,040 - INFO - FFT一括解析初期化: batch_dir=legacy-julia/output_data/batch_all_3/1224
2025-12-26 01:15:35,040 - INFO - 出力先: /Users/yamashitashota/Doc/ghoona/uni/thermal-analysis/fft/output/1224/raw-fft
2025-12-26 01:15:35,040 - INFO - ============================================================
2025-12-26 01:15:35,040 - INFO - FFT一括解析開始
2025-12-26 01:15:35,040 - INFO - ============================================================
2025-12-26 01:15:35,040 - INFO - 検出ケース数: 5
2025-12-26 01:15:35,040 - INFO - 進捗: 1/5
2025-12-26 01:15:35,040 - INFO - 解析開始: w01-base_o01-base_sapporo
2025-12-26 01:15:35,116 - INFO - 解析完了: w01-base_o01-base_sapporo
2025-12-26 01:15:36,716 - INFO - 進捗: 2/5
2025-12-26 01:15:36,716 - INFO - 解析開始: w01-base_o02-low_sapporo
2025-12-26 01:15:36,775 - INFO - 解析完了: w01-base_o02-low_sapporo
2025-12-26 01:15:38,184 - INFO - 進捗: 3/5
2025-12-26 01:15:38,184 - INFO - 解析開始: w01-base_o03-high_sapporo
2025-12-26 01:15:38,238 - INFO - 解析完了: w01-base_o03-high_sapporo
2025-12-26 01:15:39,611 - INFO - 進捗: 4/5
2025-12-26 01:15:39,611 - INFO - 解析開始: w01-base_o04-none_sapporo
2025-12-26 01:15:39,654 - INFO - 解析完了: w01-base_o04-none_sapporo
2025-12-26 01:15:41,197 - INFO - 進捗: 5/5
2025-12-26 01:15:41,197 - INFO - 解析開始: w01-base_o05-storage_sapporo
2025-12-26 01:15:41,219 - INFO - 解析完了: w01-base_o05-storage_sapporo
2025-12-26 01:15:42,349 - INFO - ============================================================
2025-12-26 01:15:42,349 - INFO - FFT一括解析完了
2025-12-26 01:15:42,349 - INFO -   成功: 5/5
2025-12-26 01:15:42,349 - INFO -   失敗: 0/5
2025-12-26 01:15:42,349 - INFO -   出力先: /Users/yamashitashota/Doc/ghoona/uni/thermal-analysis/fft/output/1224/raw-fft
2025-12-26 01:15:42,349 - INFO - ============================================================
