2025-12-26 01:21:54,991 - INFO - ============================================================
2025-12-26 01:21:54,991 - INFO - FFT可視化開始
2025-12-26 01:21:54,991 - INFO - 入力: fft/output/1224/integrate-fft
2025-12-26 01:21:54,991 - INFO - 出力: fft/output/1224/figure-fft
2025-12-26 01:21:54,991 - INFO - ============================================================
2025-12-26 01:21:55,000 - INFO - 検出: 12パターン, 3気候, 4換気, 1壁構造
2025-12-26 01:21:55,000 - INFO - 1. 周波数応答グラフ（全パターン比較）
2025-12-26 01:21:55,362 - INFO -    → 周波数応答_室1温度_amplitude_全パターン比較.png
2025-12-26 01:21:55,548 - INFO -    → 周波数応答_室1温度_phase_全パターン比較.png
2025-12-26 01:21:55,728 - INFO -    → 周波数応答_室1相対湿度_amplitude_全パターン比較.png
2025-12-26 01:21:55,922 - INFO -    → 周波数応答_室1相対湿度_phase_全パターン比較.png
2025-12-26 01:21:56,091 - INFO -    → 周波数応答_室1絶対湿度_amplitude_全パターン比較.png
2025-12-26 01:21:56,257 - INFO -    → 周波数応答_室1絶対湿度_phase_全パターン比較.png
2025-12-26 01:21:56,410 - INFO -    → 周波数応答_室2温度_amplitude_全パターン比較.png
2025-12-26 01:21:56,572 - INFO -    → 周波数応答_室2温度_phase_全パターン比較.png
2025-12-26 01:21:56,755 - INFO -    → 周波数応答_室2相対湿度_amplitude_全パターン比較.png
2025-12-26 01:21:56,919 - INFO -    → 周波数応答_室2相対湿度_phase_全パターン比較.png
2025-12-26 01:21:57,083 - INFO -    → 周波数応答_室2絶対湿度_amplitude_全パターン比較.png
2025-12-26 01:21:57,247 - INFO -    → 周波数応答_室2絶対湿度_phase_全パターン比較.png
2025-12-26 01:21:57,247 - INFO - 2. 壁構造別比較グラフ
2025-12-26 01:21:57,432 - INFO -    → 壁構造別比較_室1温度_札幌_高換気.png
2025-12-26 01:21:57,575 - INFO -    → 壁構造別比較_室1相対湿度_札幌_高換気.png
2025-12-26 01:21:57,715 - INFO -    → 壁構造別比較_室1絶対湿度_札幌_高換気.png
2025-12-26 01:21:57,852 - INFO -    → 壁構造別比較_室1温度_札幌_無換気.png
2025-12-26 01:21:58,001 - INFO -    → 壁構造別比較_室1相対湿度_札幌_無換気.png
2025-12-26 01:21:58,141 - INFO -    → 壁構造別比較_室1絶対湿度_札幌_無換気.png
2025-12-26 01:21:58,274 - INFO -    → 壁構造別比較_室1温度_札幌_基準換気.png
2025-12-26 01:21:58,411 - INFO -    → 壁構造別比較_室1相対湿度_札幌_基準換気.png
2025-12-26 01:21:58,545 - INFO -    → 壁構造別比較_室1絶対湿度_札幌_基準換気.png
2025-12-26 01:21:58,684 - INFO -    → 壁構造別比較_室1温度_札幌_低換気.png
2025-12-26 01:21:58,826 - INFO -    → 壁構造別比較_室1相対湿度_札幌_低換気.png
2025-12-26 01:21:59,020 - INFO -    → 壁構造別比較_室1絶対湿度_札幌_低換気.png
2025-12-26 01:21:59,158 - INFO -    → 壁構造別比較_室1温度_京都_高換気.png
2025-12-26 01:21:59,301 - INFO -    → 壁構造別比較_室1相対湿度_京都_高換気.png
2025-12-26 01:21:59,446 - INFO -    → 壁構造別比較_室1絶対湿度_京都_高換気.png
2025-12-26 01:21:59,615 - INFO -    → 壁構造別比較_室1温度_京都_無換気.png
2025-12-26 01:21:59,763 - INFO -    → 壁構造別比較_室1相対湿度_京都_無換気.png
2025-12-26 01:21:59,909 - INFO -    → 壁構造別比較_室1絶対湿度_京都_無換気.png
2025-12-26 01:22:00,060 - INFO -    → 壁構造別比較_室1温度_京都_基準換気.png
2025-12-26 01:22:00,206 - INFO -    → 壁構造別比較_室1相対湿度_京都_基準換気.png
2025-12-26 01:22:00,359 - INFO -    → 壁構造別比較_室1絶対湿度_京都_基準換気.png
2025-12-26 01:22:00,577 - INFO -    → 壁構造別比較_室1温度_京都_低換気.png
2025-12-26 01:22:00,718 - INFO -    → 壁構造別比較_室1相対湿度_京都_低換気.png
2025-12-26 01:22:00,860 - INFO -    → 壁構造別比較_室1絶対湿度_京都_低換気.png
2025-12-26 01:22:00,995 - INFO -    → 壁構造別比較_室1温度_沖縄_高換気.png
2025-12-26 01:22:01,141 - INFO -    → 壁構造別比較_室1相対湿度_沖縄_高換気.png
2025-12-26 01:22:01,278 - INFO -    → 壁構造別比較_室1絶対湿度_沖縄_高換気.png
2025-12-26 01:22:01,410 - INFO -    → 壁構造別比較_室1温度_沖縄_無換気.png
2025-12-26 01:22:01,570 - INFO -    → 壁構造別比較_室1相対湿度_沖縄_無換気.png
2025-12-26 01:22:01,707 - INFO -    → 壁構造別比較_室1絶対湿度_沖縄_無換気.png
2025-12-26 01:22:01,844 - INFO -    → 壁構造別比較_室1温度_沖縄_基準換気.png
2025-12-26 01:22:01,994 - INFO -    → 壁構造別比較_室1相対湿度_沖縄_基準換気.png
2025-12-26 01:22:02,189 - INFO -    → 壁構造別比較_室1絶対湿度_沖縄_基準換気.png
2025-12-26 01:22:02,324 - INFO -    → 壁構造別比較_室1温度_沖縄_低換気.png
2025-12-26 01:22:02,467 - INFO -    → 壁構造別比較_室1相対湿度_沖縄_低換気.png
2025-12-26 01:22:02,605 - INFO -    → 壁構造別比較_室1絶対湿度_沖縄_低換気.png
2025-12-26 01:22:02,606 - INFO - 3. 換気量別比較グラフ
2025-12-26 01:22:02,749 - INFO -    → 換気量別比較_室1温度_札幌_RC単体.png
2025-12-26 01:22:02,897 - INFO -    → 換気量別比較_室1相対湿度_札幌_RC単体.png
2025-12-26 01:22:03,040 - INFO -    → 換気量別比較_室1絶対湿度_札幌_RC単体.png
2025-12-26 01:22:03,196 - INFO -    → 換気量別比較_室1温度_京都_RC単体.png
2025-12-26 01:22:03,347 - INFO -    → 換気量別比較_室1相対湿度_京都_RC単体.png
2025-12-26 01:22:03,493 - INFO -    → 換気量別比較_室1絶対湿度_京都_RC単体.png
2025-12-26 01:22:03,696 - INFO -    → 換気量別比較_室1温度_沖縄_RC単体.png
2025-12-26 01:22:03,843 - INFO -    → 換気量別比較_室1相対湿度_沖縄_RC単体.png
2025-12-26 01:22:03,986 - INFO -    → 換気量別比較_室1絶対湿度_沖縄_RC単体.png
2025-12-26 01:22:03,986 - INFO - 4. 4パネル比較グラフ
2025-12-26 01:22:04,608 - INFO -    → 6パネル比較_壁構造別_全条件.png
2025-12-26 01:22:05,241 - INFO -    → 6パネル比較_換気量別_全条件.png
2025-12-26 01:22:05,938 - INFO -    → 6パネル比較_壁構造別_climatesapporo.png
2025-12-26 01:22:06,578 - INFO -    → 6パネル比較_壁構造別_climatekyoto.png
2025-12-26 01:22:07,219 - INFO -    → 6パネル比較_壁構造別_climateokinawa.png
2025-12-26 01:22:07,219 - INFO - 5. ヒートマップ
2025-12-26 01:22:07,473 - INFO -    → ヒートマップ_室1温度_振幅.png
2025-12-26 01:22:07,626 - INFO -    → ヒートマップ_室1相対湿度_振幅.png
2025-12-26 01:22:07,793 - INFO -    → ヒートマップ_室1絶対湿度_振幅.png
2025-12-26 01:22:07,951 - INFO -    → ヒートマップ_室2温度_振幅.png
2025-12-26 01:22:08,116 - INFO -    → ヒートマップ_室2相対湿度_振幅.png
2025-12-26 01:22:08,269 - INFO -    → ヒートマップ_室2絶対湿度_振幅.png
2025-12-26 01:22:08,269 - INFO - 6. 周期別棒グラフ
2025-12-26 01:22:08,363 - INFO -    → 棒グラフ_室1温度_周期1.0日.png
2025-12-26 01:22:08,453 - INFO -    → 棒グラフ_室1温度_周期7.0日.png
2025-12-26 01:22:08,537 - INFO -    → 棒グラフ_室1温度_周期30.0日.png
2025-12-26 01:22:08,628 - INFO -    → 棒グラフ_室1相対湿度_周期1.0日.png
2025-12-26 01:22:08,719 - INFO -    → 棒グラフ_室1相対湿度_周期7.0日.png
2025-12-26 01:22:08,808 - INFO -    → 棒グラフ_室1相対湿度_周期30.0日.png
2025-12-26 01:22:08,900 - INFO -    → 棒グラフ_室1絶対湿度_周期1.0日.png
2025-12-26 01:22:08,988 - INFO -    → 棒グラフ_室1絶対湿度_周期7.0日.png
2025-12-26 01:22:09,071 - INFO -    → 棒グラフ_室1絶対湿度_周期30.0日.png
2025-12-26 01:22:09,071 - INFO - ============================================================
2025-12-26 01:22:09,071 - INFO - FFT可視化完了
2025-12-26 01:22:09,071 - INFO -   生成ファイル数: 77
2025-12-26 01:22:09,071 - INFO -   出力先: fft/output/1224/figure-fft
2025-12-26 01:22:09,072 - INFO -     frequency_response/: 12ファイル
2025-12-26 01:22:09,072 - INFO -     wall_comparison/: 36ファイル
2025-12-26 01:22:09,072 - INFO -     opening_comparison/: 9ファイル
2025-12-26 01:22:09,072 - INFO -     four_panel/: 5ファイル
2025-12-26 01:22:09,072 - INFO -     heatmap/: 6ファイル
2025-12-26 01:22:09,072 - INFO -     bar_chart/: 9ファイル
2025-12-26 01:22:09,072 - INFO - ============================================================
