2026-01-15 09:36:49,916 - INFO - ============================================================
2026-01-15 09:36:49,916 - INFO - FFT統合開始
2026-01-15 09:36:49,916 - INFO - 入力: ../output/0115/binned-fft
2026-01-15 09:36:49,916 - INFO - 出力: ../output/0115/integrate-fft
2026-01-15 09:36:49,916 - INFO - ============================================================
2026-01-15 09:36:49,916 - INFO - 検出ケース数: 30
2026-01-15 09:36:49,916 - INFO - 統合中: spectrum_room1_temp
2026-01-15 09:36:49,928 - INFO -   → spectrum_room1_temp_amplitude.csv (30パターン)
2026-01-15 09:36:49,928 - INFO -   → spectrum_room1_temp_phase.csv (30パターン)
2026-01-15 09:36:49,928 - INFO - 統合中: spectrum_room1_rh
2026-01-15 09:36:49,938 - INFO -   → spectrum_room1_rh_amplitude.csv (30パターン)
2026-01-15 09:36:49,938 - INFO -   → spectrum_room1_rh_phase.csv (30パターン)
2026-01-15 09:36:49,938 - INFO - 統合中: spectrum_room1_ah
2026-01-15 09:36:49,948 - INFO -   → spectrum_room1_ah_amplitude.csv (30パターン)
2026-01-15 09:36:49,948 - INFO -   → spectrum_room1_ah_phase.csv (30パターン)
2026-01-15 09:36:49,948 - INFO - 統合中: spectrum_room2_temp
2026-01-15 09:36:49,958 - INFO -   → spectrum_room2_temp_amplitude.csv (30パターン)
2026-01-15 09:36:49,958 - INFO -   → spectrum_room2_temp_phase.csv (30パターン)
2026-01-15 09:36:49,958 - INFO - 統合中: spectrum_room2_rh
2026-01-15 09:36:49,968 - INFO -   → spectrum_room2_rh_amplitude.csv (30パターン)
2026-01-15 09:36:49,968 - INFO -   → spectrum_room2_rh_phase.csv (30パターン)
2026-01-15 09:36:49,968 - INFO - 統合中: spectrum_room2_ah
2026-01-15 09:36:49,978 - INFO -   → spectrum_room2_ah_amplitude.csv (30パターン)
2026-01-15 09:36:49,978 - INFO -   → spectrum_room2_ah_phase.csv (30パターン)
2026-01-15 09:36:50,155 - INFO - Excel出力: all_spectrums.xlsx (12シート)
2026-01-15 09:36:50,155 - INFO - ============================================================
2026-01-15 09:36:50,155 - INFO - FFT統合完了
2026-01-15 09:36:50,155 - INFO - 出力: ../output/0115/integrate-fft
2026-01-15 09:36:50,155 - INFO - ============================================================
2026-01-18 20:18:40,850 - INFO - ============================================================
2026-01-18 20:18:40,851 - INFO - FFT統合開始
2026-01-18 20:18:40,851 - INFO - 入力: ../output/0115/binned-fft
2026-01-18 20:18:40,851 - INFO - 出力: ../output/0115/integrate-fft
2026-01-18 20:18:40,851 - INFO - ============================================================
2026-01-18 20:18:40,851 - INFO - 検出ケース数: 30
2026-01-18 20:18:40,851 - INFO - 統合中: spectrum_room1_temp
2026-01-18 20:18:40,872 - INFO -   → spectrum_room1_temp_amplitude.csv (30パターン)
2026-01-18 20:18:40,872 - INFO -   → spectrum_room1_temp_phase.csv (30パターン)
2026-01-18 20:18:40,872 - INFO - 統合中: spectrum_room1_rh
2026-01-18 20:18:40,887 - INFO -   → spectrum_room1_rh_amplitude.csv (30パターン)
2026-01-18 20:18:40,887 - INFO -   → spectrum_room1_rh_phase.csv (30パターン)
2026-01-18 20:18:40,887 - INFO - 統合中: spectrum_room1_ah
2026-01-18 20:18:40,902 - INFO -   → spectrum_room1_ah_amplitude.csv (30パターン)
2026-01-18 20:18:40,902 - INFO -   → spectrum_room1_ah_phase.csv (30パターン)
2026-01-18 20:18:40,902 - INFO - 統合中: spectrum_room2_temp
2026-01-18 20:18:40,917 - INFO -   → spectrum_room2_temp_amplitude.csv (30パターン)
2026-01-18 20:18:40,917 - INFO -   → spectrum_room2_temp_phase.csv (30パターン)
2026-01-18 20:18:40,917 - INFO - 統合中: spectrum_room2_rh
2026-01-18 20:18:40,933 - INFO -   → spectrum_room2_rh_amplitude.csv (30パターン)
2026-01-18 20:18:40,933 - INFO -   → spectrum_room2_rh_phase.csv (30パターン)
2026-01-18 20:18:40,933 - INFO - 統合中: spectrum_room2_ah
2026-01-18 20:18:40,948 - INFO -   → spectrum_room2_ah_amplitude.csv (30パターン)
2026-01-18 20:18:40,948 - INFO -   → spectrum_room2_ah_phase.csv (30パターン)
2026-01-18 20:18:40,948 - INFO - ------------------------------------------------------------
2026-01-18 20:18:40,948 - INFO - 振幅比・位相差の計算
2026-01-18 20:18:40,948 - INFO - 計算中: temp (室内/外気)
2026-01-18 20:18:40,951 - INFO -   → ratio_temp_amplitude.csv (30パターン)
2026-01-18 20:18:40,951 - INFO -   → diff_temp_phase.csv (30パターン)
2026-01-18 20:18:40,951 - INFO - 計算中: rh (室内/外気)
2026-01-18 20:18:40,953 - INFO -   → ratio_rh_amplitude.csv (30パターン)
2026-01-18 20:18:40,953 - INFO -   → diff_rh_phase.csv (30パターン)
2026-01-18 20:18:40,953 - INFO - 計算中: ah (室内/外気)
2026-01-18 20:18:40,955 - INFO -   → ratio_ah_amplitude.csv (30パターン)
2026-01-18 20:18:40,955 - INFO -   → diff_ah_phase.csv (30パターン)
2026-01-18 20:18:41,201 - INFO - Excel出力: all_spectrums.xlsx (18シート)
2026-01-18 20:18:41,201 - INFO - ============================================================
2026-01-18 20:18:41,201 - INFO - FFT統合完了
2026-01-18 20:18:41,201 - INFO - 出力: ../output/0115/integrate-fft
2026-01-18 20:18:41,201 - INFO - ============================================================
