2026-01-13 12:44:48,339 - INFO - FFT一括解析初期化: batch_dir=/Users/yamashitashota/Doc/ghoona/uni/thermal-analysis/legacy-julia/output_data/batch_all_o05/run05
2026-01-13 12:44:48,339 - INFO - 出力先: /Users/yamashitashota/Doc/ghoona/uni/thermal-analysis/fft/output/run05/raw-fft
2026-01-13 12:44:48,339 - INFO - ============================================================
2026-01-13 12:44:48,339 - INFO - FFT一括解析開始
2026-01-13 12:44:48,339 - INFO - ============================================================
2026-01-13 12:44:48,340 - INFO - 検出ケース数: 4
2026-01-13 12:44:48,340 - INFO - 進捗: 1/4
2026-01-13 12:44:48,340 - INFO - 解析開始: w01-base_o05-storage_kyoto
2026-01-13 12:44:48,402 - INFO - 解析完了: w01-base_o05-storage_kyoto
2026-01-13 12:44:50,043 - INFO - 進捗: 2/4
2026-01-13 12:44:50,043 - INFO - 解析開始: w02-inner_o05-storage_kyoto
2026-01-13 12:44:50,097 - INFO - 解析完了: w02-inner_o05-storage_kyoto
2026-01-13 12:44:51,633 - INFO - 進捗: 3/4
2026-01-13 12:44:51,634 - INFO - 解析開始: w03-outer_o05-storage_kyoto
2026-01-13 12:44:51,683 - INFO - 解析完了: w03-outer_o05-storage_kyoto
2026-01-13 12:44:52,732 - INFO - 進捗: 4/4
2026-01-13 12:44:52,732 - INFO - 解析開始: w04-hygro_o05-storage_kyoto
2026-01-13 12:44:52,783 - INFO - 解析完了: w04-hygro_o05-storage_kyoto
2026-01-13 12:44:54,182 - INFO - ============================================================
2026-01-13 12:44:54,182 - INFO - FFT一括解析完了
2026-01-13 12:44:54,182 - INFO -   成功: 4/4
2026-01-13 12:44:54,182 - INFO -   失敗: 0/4
2026-01-13 12:44:54,182 - INFO -   出力先: /Users/yamashitashota/Doc/ghoona/uni/thermal-analysis/fft/output/run05/raw-fft
2026-01-13 12:44:54,182 - INFO - ============================================================
