2026-01-08 14:46:12,337 - INFO - FFT一括解析初期化: batch_dir=../../legacy-julia/output_data/batch_all/run01
2026-01-08 14:46:12,337 - INFO - 出力先: ../output/0108/raw-fft
2026-01-08 14:46:12,337 - INFO - ============================================================
2026-01-08 14:46:12,337 - INFO - FFT一括解析開始
2026-01-08 14:46:12,337 - INFO - ============================================================
2026-01-08 14:46:12,338 - INFO - 検出ケース数: 1
2026-01-08 14:46:12,338 - INFO - 進捗: 1/1
2026-01-08 14:46:12,338 - INFO - 解析開始: w01-base_o01-base_kyoto
2026-01-08 14:46:12,393 - INFO - 解析完了: w01-base_o01-base_kyoto
2026-01-08 14:46:14,009 - INFO - ============================================================
2026-01-08 14:46:14,009 - INFO - FFT一括解析完了
2026-01-08 14:46:14,009 - INFO -   成功: 1/1
2026-01-08 14:46:14,009 - INFO -   失敗: 0/1
2026-01-08 14:46:14,009 - INFO -   出力先: ../output/0108/raw-fft
2026-01-08 14:46:14,009 - INFO - ============================================================
2026-01-08 14:46:14,690 - INFO - FFT一括解析初期化: batch_dir=../../legacy-julia/output_data/batch_all/run02
2026-01-08 14:46:14,690 - INFO - 出力先: ../output/0108/raw-fft
2026-01-08 14:46:14,690 - INFO - ============================================================
2026-01-08 14:46:14,691 - INFO - FFT一括解析開始
2026-01-08 14:46:14,691 - INFO - ============================================================
2026-01-08 14:46:14,691 - INFO - 検出ケース数: 1
2026-01-08 14:46:14,691 - INFO - 進捗: 1/1
2026-01-08 14:46:14,691 - INFO - 解析開始: w01-base_o02-low_kyoto
2026-01-08 14:46:14,747 - INFO - 解析完了: w01-base_o02-low_kyoto
2026-01-08 14:46:16,288 - INFO - ============================================================
2026-01-08 14:46:16,288 - INFO - FFT一括解析完了
2026-01-08 14:46:16,288 - INFO -   成功: 1/1
2026-01-08 14:46:16,288 - INFO -   失敗: 0/1
2026-01-08 14:46:16,288 - INFO -   出力先: ../output/0108/raw-fft
2026-01-08 14:46:16,288 - INFO - ============================================================
2026-01-08 14:46:16,983 - INFO - FFT一括解析初期化: batch_dir=../../legacy-julia/output_data/batch_all/run03
2026-01-08 14:46:16,983 - INFO - 出力先: ../output/0108/raw-fft
2026-01-08 14:46:16,983 - INFO - ============================================================
2026-01-08 14:46:16,983 - INFO - FFT一括解析開始
2026-01-08 14:46:16,983 - INFO - ============================================================
2026-01-08 14:46:16,983 - INFO - 検出ケース数: 1
2026-01-08 14:46:16,983 - INFO - 進捗: 1/1
2026-01-08 14:46:16,983 - INFO - 解析開始: w01-base_o03-high_kyoto
2026-01-08 14:46:17,038 - INFO - 解析完了: w01-base_o03-high_kyoto
2026-01-08 14:46:18,605 - INFO - ============================================================
2026-01-08 14:46:18,605 - INFO - FFT一括解析完了
2026-01-08 14:46:18,605 - INFO -   成功: 1/1
2026-01-08 14:46:18,605 - INFO -   失敗: 0/1
2026-01-08 14:46:18,605 - INFO -   出力先: ../output/0108/raw-fft
2026-01-08 14:46:18,605 - INFO - ============================================================
2026-01-08 14:46:19,293 - INFO - FFT一括解析初期化: batch_dir=../../legacy-julia/output_data/batch_all/run04
2026-01-08 14:46:19,293 - INFO - 出力先: ../output/0108/raw-fft
2026-01-08 14:46:19,293 - INFO - ============================================================
2026-01-08 14:46:19,293 - INFO - FFT一括解析開始
2026-01-08 14:46:19,293 - INFO - ============================================================
2026-01-08 14:46:19,293 - INFO - 検出ケース数: 1
2026-01-08 14:46:19,293 - INFO - 進捗: 1/1
2026-01-08 14:46:19,293 - INFO - 解析開始: w01-base_o04-none_kyoto
2026-01-08 14:46:19,350 - INFO - 解析完了: w01-base_o04-none_kyoto
2026-01-08 14:46:20,998 - INFO - ============================================================
2026-01-08 14:46:20,998 - INFO - FFT一括解析完了
2026-01-08 14:46:20,998 - INFO -   成功: 1/1
2026-01-08 14:46:20,998 - INFO -   失敗: 0/1
2026-01-08 14:46:20,998 - INFO -   出力先: ../output/0108/raw-fft
2026-01-08 14:46:20,998 - INFO - ============================================================
2026-01-08 14:46:21,691 - INFO - FFT一括解析初期化: batch_dir=../../legacy-julia/output_data/batch_all/run05
2026-01-08 14:46:21,691 - INFO - 出力先: ../output/0108/raw-fft
2026-01-08 14:46:21,691 - INFO - ============================================================
2026-01-08 14:46:21,691 - INFO - FFT一括解析開始
2026-01-08 14:46:21,691 - INFO - ============================================================
2026-01-08 14:46:21,691 - INFO - 検出ケース数: 1
2026-01-08 14:46:21,691 - INFO - 進捗: 1/1
2026-01-08 14:46:21,691 - INFO - 解析開始: w01-base_o05-storage_kyoto
2026-01-08 14:46:21,751 - INFO - 解析完了: w01-base_o05-storage_kyoto
2026-01-08 14:46:23,350 - INFO - ============================================================
2026-01-08 14:46:23,350 - INFO - FFT一括解析完了
2026-01-08 14:46:23,350 - INFO -   成功: 1/1
2026-01-08 14:46:23,350 - INFO -   失敗: 0/1
2026-01-08 14:46:23,350 - INFO -   出力先: ../output/0108/raw-fft
2026-01-08 14:46:23,350 - INFO - ============================================================
