2025-12-26 01:17:40,826 - INFO - ============================================================
2025-12-26 01:17:40,826 - INFO - FFT統合開始
2025-12-26 01:17:40,826 - INFO - 入力: fft/output/1224/binned-fft
2025-12-26 01:17:40,826 - INFO - 出力: fft/output/1224/integrate-fft
2025-12-26 01:17:40,826 - INFO - ============================================================
2025-12-26 01:17:40,826 - INFO - 検出ケース数: 12
2025-12-26 01:17:40,826 - INFO - 統合中: spectrum_room1_temp
2025-12-26 01:17:40,838 - INFO -   → spectrum_room1_temp_amplitude.csv (12パターン)
2025-12-26 01:17:40,838 - INFO -   → spectrum_room1_temp_phase.csv (12パターン)
2025-12-26 01:17:40,838 - INFO - 統合中: spectrum_room1_rh
2025-12-26 01:17:40,844 - INFO -   → spectrum_room1_rh_amplitude.csv (12パターン)
2025-12-26 01:17:40,844 - INFO -   → spectrum_room1_rh_phase.csv (12パターン)
2025-12-26 01:17:40,844 - INFO - 統合中: spectrum_room1_ah
2025-12-26 01:17:40,851 - INFO -   → spectrum_room1_ah_amplitude.csv (12パターン)
2025-12-26 01:17:40,851 - INFO -   → spectrum_room1_ah_phase.csv (12パターン)
2025-12-26 01:17:40,851 - INFO - 統合中: spectrum_room2_temp
2025-12-26 01:17:40,858 - INFO -   → spectrum_room2_temp_amplitude.csv (12パターン)
2025-12-26 01:17:40,858 - INFO -   → spectrum_room2_temp_phase.csv (12パターン)
2025-12-26 01:17:40,858 - INFO - 統合中: spectrum_room2_rh
2025-12-26 01:17:40,865 - INFO -   → spectrum_room2_rh_amplitude.csv (12パターン)
2025-12-26 01:17:40,865 - INFO -   → spectrum_room2_rh_phase.csv (12パターン)
2025-12-26 01:17:40,865 - INFO - 統合中: spectrum_room2_ah
2025-12-26 01:17:40,871 - INFO -   → spectrum_room2_ah_amplitude.csv (12パターン)
2025-12-26 01:17:40,871 - INFO -   → spectrum_room2_ah_phase.csv (12パターン)
2025-12-26 01:17:41,074 - INFO - Excel出力: all_spectrums.xlsx (12シート)
2025-12-26 01:17:41,074 - INFO - ============================================================
2025-12-26 01:17:41,074 - INFO - FFT統合完了
2025-12-26 01:17:41,074 - INFO - 出力: fft/output/1224/integrate-fft
2025-12-26 01:17:41,074 - INFO - ============================================================
