2026-01-20 13:09:48,842 - INFO - ============================================================
2026-01-20 13:09:48,842 - INFO - FFTビニング開始
2026-01-20 13:09:48,842 - INFO - 周期バンド: [0.1, 0.2, 0.5, 1, 2, 7, 14, 30, 90, 365]
2026-01-20 13:09:48,842 - INFO - 入力: fft/output/0120/raw-fft
2026-01-20 13:09:48,842 - INFO - 出力: fft/output/0120/binned-fft
2026-01-20 13:09:48,842 - INFO - ============================================================
2026-01-20 13:09:48,843 - INFO - 検出ケース数: 40
2026-01-20 13:09:48,843 - INFO - 進捗: 1/40 - w01_o01_kyoto
2026-01-20 13:09:48,917 - INFO - 進捗: 2/40 - w01_o01_okinawa
2026-01-20 13:09:48,985 - INFO - 進捗: 3/40 - w01_o02_kyoto
2026-01-20 13:09:49,053 - INFO - 進捗: 4/40 - w01_o02_okinawa
2026-01-20 13:09:49,118 - INFO - 進捗: 5/40 - w01_o03_kyoto
2026-01-20 13:09:49,185 - INFO - 進捗: 6/40 - w01_o03_okinawa
2026-01-20 13:09:49,251 - INFO - 進捗: 7/40 - w01_o04_kyoto
2026-01-20 13:09:49,317 - INFO - 進捗: 8/40 - w01_o04_okinawa
2026-01-20 13:09:49,382 - INFO - 進捗: 9/40 - w01_o05_kyoto
2026-01-20 13:09:49,448 - INFO - 進捗: 10/40 - w01_o05_okinawa
2026-01-20 13:09:49,518 - INFO - 進捗: 11/40 - w02_o01_kyoto
2026-01-20 13:09:49,582 - INFO - 進捗: 12/40 - w02_o01_sapporo
2026-01-20 13:09:49,651 - INFO - 進捗: 13/40 - w02_o02_kyoto
2026-01-20 13:09:49,716 - INFO - 進捗: 14/40 - w02_o02_sapporo
2026-01-20 13:09:49,787 - INFO - 進捗: 15/40 - w02_o03_kyoto
2026-01-20 13:09:49,850 - INFO - 進捗: 16/40 - w02_o03_sapporo
2026-01-20 13:09:49,914 - INFO - 進捗: 17/40 - w02_o04_kyoto
2026-01-20 13:09:49,980 - INFO - 進捗: 18/40 - w02_o04_sapporo
2026-01-20 13:09:50,045 - INFO - 進捗: 19/40 - w02_o05_kyoto
2026-01-20 13:09:50,108 - INFO - 進捗: 20/40 - w02_o05_sapporo
2026-01-20 13:09:50,174 - INFO - 進捗: 21/40 - w04_o01_kyoto
2026-01-20 13:09:50,240 - INFO - 進捗: 22/40 - w04_o01_sapporo
2026-01-20 13:09:50,304 - INFO - 進捗: 23/40 - w04_o02_kyoto
2026-01-20 13:09:50,373 - INFO - 進捗: 24/40 - w04_o02_sapporo
2026-01-20 13:09:50,444 - INFO - 進捗: 25/40 - w04_o03_kyoto
2026-01-20 13:09:50,509 - INFO - 進捗: 26/40 - w04_o03_sapporo
2026-01-20 13:09:50,577 - INFO - 進捗: 27/40 - w04_o04_kyoto
2026-01-20 13:09:50,642 - INFO - 進捗: 28/40 - w04_o04_sapporo
2026-01-20 13:09:50,791 - INFO - 進捗: 29/40 - w04_o05_kyoto
2026-01-20 13:09:50,858 - INFO - 進捗: 30/40 - w04_o05_sapporo
2026-01-20 13:09:50,922 - INFO - 進捗: 31/40 - w05_o01_kyoto
2026-01-20 13:09:50,990 - INFO - 進捗: 32/40 - w05_o01_sapporo
2026-01-20 13:09:51,064 - INFO - 進捗: 33/40 - w05_o02_kyoto
2026-01-20 13:09:51,128 - INFO - 進捗: 34/40 - w05_o02_sapporo
2026-01-20 13:09:51,194 - INFO - 進捗: 35/40 - w05_o03_kyoto
2026-01-20 13:09:51,262 - INFO - 進捗: 36/40 - w05_o03_sapporo
2026-01-20 13:09:51,326 - INFO - 進捗: 37/40 - w05_o04_kyoto
2026-01-20 13:09:51,393 - INFO - 進捗: 38/40 - w05_o04_sapporo
2026-01-20 13:09:51,457 - INFO - 進捗: 39/40 - w05_o05_kyoto
2026-01-20 13:09:51,524 - INFO - 進捗: 40/40 - w05_o05_sapporo
2026-01-20 13:09:51,590 - INFO - ============================================================
2026-01-20 13:09:51,590 - INFO - FFTビニング完了
2026-01-20 13:09:51,590 - INFO -   成功: 40/40
2026-01-20 13:09:51,590 - INFO -   出力: fft/output/0120/binned-fft
2026-01-20 13:09:51,590 - INFO - ============================================================
