2026-01-15 09:36:42,753 - INFO - ============================================================
2026-01-15 09:36:42,753 - INFO - FFTビニング開始
2026-01-15 09:36:42,754 - INFO - 周期バンド: [0.1, 0.2, 0.5, 1, 2, 7, 14, 30, 90, 365]
2026-01-15 09:36:42,754 - INFO - 入力: ../output/0115/raw-fft
2026-01-15 09:36:42,754 - INFO - 出力: ../output/0115/binned-fft
2026-01-15 09:36:42,754 - INFO - ============================================================
2026-01-15 09:36:42,754 - INFO - 検出ケース数: 30
2026-01-15 09:36:42,754 - INFO - 進捗: 1/30 - w01-base_o01-base_kyoto
2026-01-15 09:36:42,809 - INFO - 進捗: 2/30 - w01-base_o01-base_okinawa
2026-01-15 09:36:42,874 - INFO - 進捗: 3/30 - w01-base_o02-low_kyoto
2026-01-15 09:36:42,928 - INFO - 進捗: 4/30 - w01-base_o02-low_okinawa
2026-01-15 09:36:42,989 - INFO - 進捗: 5/30 - w01-base_o03-high_kyoto
2026-01-15 09:36:43,042 - INFO - 進捗: 6/30 - w01-base_o03-high_okinawa
2026-01-15 09:36:43,101 - INFO - 進捗: 7/30 - w01-base_o04-none_kyoto
2026-01-15 09:36:43,150 - INFO - 進捗: 8/30 - w01-base_o04-none_okinawa
2026-01-15 09:36:43,210 - INFO - 進捗: 9/30 - w01-base_o05-storage_kyoto
2026-01-15 09:36:43,264 - INFO - 進捗: 10/30 - w01-base_o05-storage_okinawa
2026-01-15 09:36:43,325 - INFO - 進捗: 11/30 - w02-inner_o01-base_kyoto
2026-01-15 09:36:43,383 - INFO - 進捗: 12/30 - w02-inner_o01-base_okinawa
2026-01-15 09:36:43,419 - INFO - 進捗: 13/30 - w02-inner_o02-low_kyoto
2026-01-15 09:36:43,478 - INFO - 進捗: 14/30 - w02-inner_o02-low_okinawa
2026-01-15 09:36:43,512 - INFO - 進捗: 15/30 - w02-inner_o03-high_kyoto
2026-01-15 09:36:43,572 - INFO - 進捗: 16/30 - w02-inner_o03-high_okinawa
2026-01-15 09:36:43,608 - INFO - 進捗: 17/30 - w02-inner_o04-none_kyoto
2026-01-15 09:36:43,669 - INFO - 進捗: 18/30 - w02-inner_o04-none_okinawa
2026-01-15 09:36:43,707 - INFO - 進捗: 19/30 - w02-inner_o05-storage_kyoto
2026-01-15 09:36:43,769 - INFO - 進捗: 20/30 - w02-inner_o05-storage_okinawa
2026-01-15 09:36:43,808 - INFO - 進捗: 21/30 - w03-outer_o01-base_kyoto
2026-01-15 09:36:43,840 - INFO - 進捗: 22/30 - w03-outer_o02-low_kyoto
2026-01-15 09:36:43,872 - INFO - 進捗: 23/30 - w03-outer_o03-high_kyoto
2026-01-15 09:36:43,903 - INFO - 進捗: 24/30 - w03-outer_o04-none_kyoto
2026-01-15 09:36:43,936 - INFO - 進捗: 25/30 - w03-outer_o05-storage_kyoto
2026-01-15 09:36:43,969 - INFO - 進捗: 26/30 - w04-hygro_o01-base_kyoto
2026-01-15 09:36:44,019 - INFO - 進捗: 27/30 - w04-hygro_o02-low_kyoto
2026-01-15 09:36:44,065 - INFO - 進捗: 28/30 - w04-hygro_o03-high_kyoto
2026-01-15 09:36:44,111 - INFO - 進捗: 29/30 - w04-hygro_o04-none_kyoto
2026-01-15 09:36:44,158 - INFO - 進捗: 30/30 - w04-hygro_o05-storage_kyoto
2026-01-15 09:36:44,205 - INFO - ============================================================
2026-01-15 09:36:44,205 - INFO - FFTビニング完了
2026-01-15 09:36:44,205 - INFO -   成功: 30/30
2026-01-15 09:36:44,205 - INFO -   出力: ../output/0115/binned-fft
2026-01-15 09:36:44,205 - INFO - ============================================================
